Archive member included because of file (symbol)

d:/program files (x86)/atmel studio/7.0/toolchain/arm/arm-gnu-toolchain/bin/../lib/gcc/arm-none-eabi/4.9.3/armv7-m\libgcc.a(_arm_addsubsf3.o)
                              src/tasks/task_regulate.o (__aeabi_fadd)
d:/program files (x86)/atmel studio/7.0/toolchain/arm/arm-gnu-toolchain/bin/../lib/gcc/arm-none-eabi/4.9.3/armv7-m\libgcc.a(_arm_muldivsf3.o)
                              src/tasks/task_regulate.o (__aeabi_fmul)
d:/program files (x86)/atmel studio/7.0/toolchain/arm/arm-gnu-toolchain/bin/../lib/gcc/arm-none-eabi/4.9.3/armv7-m\libgcc.a(_arm_fixsfsi.o)
                              src/tasks/task_regulate.o (__aeabi_f2iz)
d:/program files (x86)/atmel studio/7.0/toolchain/arm/arm-gnu-toolchain/bin/../lib/gcc/arm-none-eabi/4.9.3/../../../../arm-none-eabi/lib/armv7-m\libc.a(lib_a-atoi.o)
                              src/tasks/task_com.o (atoi)
d:/program files (x86)/atmel studio/7.0/toolchain/arm/arm-gnu-toolchain/bin/../lib/gcc/arm-none-eabi/4.9.3/../../../../arm-none-eabi/lib/armv7-m\libc.a(lib_a-exit.o)
                              d:/program files (x86)/atmel studio/7.0/toolchain/arm/arm-gnu-toolchain/bin/../lib/gcc/arm-none-eabi/4.9.3/../../../../arm-none-eabi/lib/armv7-m/crt0.o (exit)
d:/program files (x86)/atmel studio/7.0/toolchain/arm/arm-gnu-toolchain/bin/../lib/gcc/arm-none-eabi/4.9.3/../../../../arm-none-eabi/lib/armv7-m\libc.a(lib_a-gets.o)
                              src/tasks/task_com.o (gets)
d:/program files (x86)/atmel studio/7.0/toolchain/arm/arm-gnu-toolchain/bin/../lib/gcc/arm-none-eabi/4.9.3/../../../../arm-none-eabi/lib/armv7-m\libc.a(lib_a-impure.o)
                              d:/program files (x86)/atmel studio/7.0/toolchain/arm/arm-gnu-toolchain/bin/../lib/gcc/arm-none-eabi/4.9.3/../../../../arm-none-eabi/lib/armv7-m\libc.a(lib_a-exit.o) (_global_impure_ptr)
d:/program files (x86)/atmel studio/7.0/toolchain/arm/arm-gnu-toolchain/bin/../lib/gcc/arm-none-eabi/4.9.3/../../../../arm-none-eabi/lib/armv7-m\libc.a(lib_a-init.o)
                              d:/program files (x86)/atmel studio/7.0/toolchain/arm/arm-gnu-toolchain/bin/../lib/gcc/arm-none-eabi/4.9.3/../../../../arm-none-eabi/lib/armv7-m/crt0.o (__libc_init_array)
d:/program files (x86)/atmel studio/7.0/toolchain/arm/arm-gnu-toolchain/bin/../lib/gcc/arm-none-eabi/4.9.3/../../../../arm-none-eabi/lib/armv7-m\libc.a(lib_a-iprintf.o)
                              src/tasks/task_com.o (iprintf)
d:/program files (x86)/atmel studio/7.0/toolchain/arm/arm-gnu-toolchain/bin/../lib/gcc/arm-none-eabi/4.9.3/../../../../arm-none-eabi/lib/armv7-m\libc.a(lib_a-itoa.o)
                              src/tasks/task_regulate.o (itoa)
d:/program files (x86)/atmel studio/7.0/toolchain/arm/arm-gnu-toolchain/bin/../lib/gcc/arm-none-eabi/4.9.3/../../../../arm-none-eabi/lib/armv7-m\libc.a(lib_a-memcpy.o)
                              src/ASF/thirdparty/freertos/freertos-7.3.0/source/queue.o (memcpy)
d:/program files (x86)/atmel studio/7.0/toolchain/arm/arm-gnu-toolchain/bin/../lib/gcc/arm-none-eabi/4.9.3/../../../../arm-none-eabi/lib/armv7-m\libc.a(lib_a-memset.o)
                              d:/program files (x86)/atmel studio/7.0/toolchain/arm/arm-gnu-toolchain/bin/../lib/gcc/arm-none-eabi/4.9.3/../../../../arm-none-eabi/lib/armv7-m/crt0.o (memset)
d:/program files (x86)/atmel studio/7.0/toolchain/arm/arm-gnu-toolchain/bin/../lib/gcc/arm-none-eabi/4.9.3/../../../../arm-none-eabi/lib/armv7-m\libc.a(lib_a-puts.o)
                              src/ASF/sam/drivers/adc/adc.o (puts)
d:/program files (x86)/atmel studio/7.0/toolchain/arm/arm-gnu-toolchain/bin/../lib/gcc/arm-none-eabi/4.9.3/../../../../arm-none-eabi/lib/armv7-m\libc.a(lib_a-rget.o)
                              d:/program files (x86)/atmel studio/7.0/toolchain/arm/arm-gnu-toolchain/bin/../lib/gcc/arm-none-eabi/4.9.3/../../../../arm-none-eabi/lib/armv7-m\libc.a(lib_a-gets.o) (__srget_r)
d:/program files (x86)/atmel studio/7.0/toolchain/arm/arm-gnu-toolchain/bin/../lib/gcc/arm-none-eabi/4.9.3/../../../../arm-none-eabi/lib/armv7-m\libc.a(lib_a-setbuf.o)
                              src/ASF/thirdparty/wireless/addons/sio2host/uart/sio2host.o (setbuf)
d:/program files (x86)/atmel studio/7.0/toolchain/arm/arm-gnu-toolchain/bin/../lib/gcc/arm-none-eabi/4.9.3/../../../../arm-none-eabi/lib/armv7-m\libc.a(lib_a-setvbuf.o)
                              d:/program files (x86)/atmel studio/7.0/toolchain/arm/arm-gnu-toolchain/bin/../lib/gcc/arm-none-eabi/4.9.3/../../../../arm-none-eabi/lib/armv7-m\libc.a(lib_a-setbuf.o) (setvbuf)
d:/program files (x86)/atmel studio/7.0/toolchain/arm/arm-gnu-toolchain/bin/../lib/gcc/arm-none-eabi/4.9.3/../../../../arm-none-eabi/lib/armv7-m\libc.a(lib_a-sprintf.o)
                              src/ASF/thirdparty/freertos/freertos-7.3.0/source/tasks.o (sprintf)
[...]
Memory Configuration

Name             Origin             Length             Attributes
rom              0x00080000         0x00080000         xr
sram0            0x20000000         0x00010000         xrw
sram1            0x20080000         0x00008000         xrw
ram              0x20070000         0x00018000         xrw
*default*        0x00000000         0xffffffff

Linker script and memory map

LOAD d:/program files (x86)/atmel studio/7.0/toolchain/arm/arm-gnu-toolchain/bin/../lib/gcc/arm-none-eabi/4.9.3/armv7-m/crti.o
LOAD d:/program files (x86)/atmel studio/7.0/toolchain/arm/arm-gnu-toolchain/bin/../lib/gcc/arm-none-eabi/4.9.3/armv7-m/crtbegin.o
LOAD d:/program files (x86)/atmel studio/7.0/toolchain/arm/arm-gnu-toolchain/bin/../lib/gcc/arm-none-eabi/4.9.3/../../../../arm-none-eabi/lib/armv7-m/crt0.o
LOAD src/ASF/common/utils/stdio/read.o
LOAD src/ASF/sam/drivers/usart/usart.o
LOAD src/ASF/thirdparty/freertos/freertos-7.3.0/source/FreeRTOS_CLI.o
LOAD src/ASF/thirdparty/freertos/freertos-7.3.0/source/list.o
LOAD src/ASF/thirdparty/freertos/freertos-7.3.0/source/portable/gcc/sam/port.o
LOAD src/ASF/thirdparty/freertos/freertos-7.3.0/source/portable/memmang/heap_4.o
LOAD src/ASF/thirdparty/freertos/freertos-7.3.0/source/queue.o
LOAD src/ASF/thirdparty/freertos/freertos-7.3.0/source/tasks.o
LOAD src/ASF/thirdparty/freertos/freertos-7.3.0/source/timers.o
LOAD src/ASF/thirdparty/wireless/addons/sio2host/uart/sio2host.o
LOAD src/config_functions/console_func.o
LOAD src/pwm_func.o
LOAD src/tasks/task_com.o
LOAD src/tasks/task_regulate.o
LOAD src/utils.o
LOAD src/ASF/common/utils/stdio/write.o
LOAD src/ASF/common/services/serial/usart_serial.o
LOAD src/ASF/common/services/delay/sam/cycle_counter.o
LOAD src/ASF/sam/drivers/adc/adc.o
LOAD src/ASF/sam/drivers/dacc/dacc.o
LOAD src/ASF/sam/drivers/tc/tc.o
LOAD src/ASF/sam/drivers/pwm/pwm.o
LOAD src/main.o
LOAD src/ASF/sam/drivers/adc/adc_sam3u.o
LOAD src/ASF/sam/drivers/uart/uart.o
LOAD src/ASF/common/services/clock/sam3x/sysclk.o
LOAD src/ASF/common/utils/interrupt/interrupt_sam_nvic.o
LOAD src/ASF/sam/boards/arduino_due_x/init.o
LOAD src/ASF/sam/drivers/pio/pio.o
LOAD src/ASF/sam/drivers/pio/pio_handler.o
LOAD src/ASF/sam/drivers/pmc/pmc.o
LOAD src/ASF/sam/drivers/pmc/sleep.o
LOAD src/ASF/sam/utils/cmsis/sam3x/source/templates/exceptions.o
LOAD src/ASF/sam/utils/cmsis/sam3x/source/templates/gcc/startup_sam3x.o
LOAD src/ASF/sam/utils/cmsis/sam3x/source/templates/system_sam3x.o
LOAD src/ASF/sam/utils/syscalls/gcc/syscalls.o
START GROUP
LOAD d:/program files (x86)/atmel studio/7.0/toolchain/arm/arm-gnu-toolchain/bin/../lib/gcc/arm-none-eabi/4.9.3/../../../../arm-none-eabi/lib/armv7-m\libm.a
END GROUP
START GROUP
LOAD d:/program files (x86)/atmel studio/7.0/toolchain/arm/arm-gnu-toolchain/bin/../lib/gcc/arm-none-eabi/4.9.3/armv7-m\libgcc.a
LOAD d:/program files (x86)/atmel studio/7.0/toolchain/arm/arm-gnu-toolchain/bin/../lib/gcc/arm-none-eabi/4.9.3/../../../../arm-none-eabi/lib/armv7-m\libc.a
END GROUP
LOAD d:/program files (x86)/atmel studio/7.0/toolchain/arm/arm-gnu-toolchain/bin/../lib/gcc/arm-none-eabi/4.9.3/armv7-m/crtend.o
LOAD d:/program files (x86)/atmel studio/7.0/toolchain/arm/arm-gnu-toolchain/bin/../lib/gcc/arm-none-eabi/4.9.3/armv7-m/crtn.o
                0x00002000                __stack_size__ = DEFINED (__stack_size__)?__stack_size__:0x2000
                0x20087ffc                __ram_end__ = ((ORIGIN (ram) + 0x18000) - 0x4)

.text           0x00080000     0x609c
                0x00080000                . = ALIGN (0x4)
                0x00080000                _sfixed = .
 *(.vectors .vectors.*)
 .vectors       0x00080000       0xf4 src/ASF/sam/utils/cmsis/sam3x/source/templates/gcc/startup_sam3x.o
                0x00080000                exception_table
 *(.text .text.* .gnu.linkonce.t.*)
 .text          0x000800f4       0x5c d:/program files (x86)/atmel studio/7.0/toolchain/arm/arm-gnu-toolchain/bin/../lib/gcc/arm-none-eabi/4.9.3/armv7-m/crtbegin.o
 .text._read    0x00080150       0x34 src/ASF/common/utils/stdio/read.o
                0x00080150                _read
 .text.usart_write
                0x00080184       0x12 src/ASF/sam/drivers/usart/usart.o
                0x00080184                usart_write
 .text.usart_read
                0x00080196       0x16 src/ASF/sam/drivers/usart/usart.o
                0x00080196                usart_read
 .text.vListInitialise
                0x000801ac       0x16 src/ASF/thirdparty/freertos/freertos-7.3.0/source/list.o
                0x000801ac                vListInitialise
 .text.vListInitialiseItem
                0x000801c2        0x6 src/ASF/thirdparty/freertos/freertos-7.3.0/source/list.o
                0x000801c2                vListInitialiseItem
 .text.vListInsertEnd
                0x000801c8       0x1c src/ASF/thirdparty/freertos/freertos-7.3.0/source/list.o
                0x000801c8                vListInsertEnd
 .text.vListInsert
                0x000801e4       0x30 src/ASF/thirdparty/freertos/freertos-7.3.0/source/list.o
                0x000801e4                vListInsert
 .text.uxListRemove
                0x00080214       0x26 src/ASF/thirdparty/freertos/freertos-7.3.0/source/list.o
                0x00080214                uxListRemove
 *fill*         0x0008023a        0x2 
 .text.prvPortStartFirstTask
                0x0008023c       0x14 src/ASF/thirdparty/freertos/freertos-7.3.0/source/portable/gcc/sam/port.o
 .text.pxPortInitialiseStack
                0x00080250       0x16 src/ASF/thirdparty/freertos/freertos-7.3.0/source/portable/gcc/sam/port.o
                0x00080250                pxPortInitialiseStack
 *fill*         0x00080266        0x2 
 .text.SVC_Handler
                0x00080268       0x20 src/ASF/thirdparty/freertos/freertos-7.3.0/source/portable/gcc/sam/port.o
                0x00080268                SVC_Handler
 .text.vPortYieldFromISR
                0x00080288       0x10 src/ASF/thirdparty/freertos/freertos-7.3.0/source/portable/gcc/sam/port.o
                0x00080288                vPortYieldFromISR
 .text.ulPortSetInterruptMask
                0x00080298       0x10 src/ASF/thirdparty/freertos/freertos-7.3.0/source/portable/gcc/sam/port.o
                0x00080298                ulPortSetInterruptMask
 .text.vPortEnterCritical
                0x000802a8       0x18 src/ASF/thirdparty/freertos/freertos-7.3.0/source/portable/gcc/sam/port.o
                0x000802a8                vPortEnterCritical
 .text.vPortClearInterruptMask
                0x000802c0        0x6 src/ASF/thirdparty/freertos/freertos-7.3.0/source/portable/gcc/sam/port.o
                0x000802c0                vPortClearInterruptMask
 *fill*         0x000802c6        0x2 
 .text.vPortExitCritical
                0x000802c8       0x1c src/ASF/thirdparty/freertos/freertos-7.3.0/source/portable/gcc/sam/port.o
                0x000802c8                vPortExitCritical
 .text.PendSV_Handler
                0x000802e4       0x3c src/ASF/thirdparty/freertos/freertos-7.3.0/source/portable/gcc/sam/port.o
                0x000802e4                PendSV_Handler
 .text.SysTick_Handler
                0x00080320       0x2c src/ASF/thirdparty/freertos/freertos-7.3.0/source/portable/gcc/sam/port.o
                0x00080320                SysTick_Handler
 .text.vPortSetupTimerInterrupt
                0x0008034c       0x18 src/ASF/thirdparty/freertos/freertos-7.3.0/source/portable/gcc/sam/port.o
                0x0008034c                vPortSetupTimerInterrupt
 .text.xPortStartScheduler
                0x00080364       0x38 src/ASF/thirdparty/freertos/freertos-7.3.0/source/portable/gcc/sam/port.o
                0x00080364                xPortStartScheduler
 .text.prvInsertBlockIntoFreeList
                0x0008039c       0x4c src/ASF/thirdparty/freertos/freertos-7.3.0/source/portable/memmang/heap_4.o
 .text.pvPortMalloc
                0x000803e8       0xb8 src/ASF/thirdparty/freertos/freertos-7.3.0/source/portable/memmang/heap_4.o
                0x000803e8                pvPortMalloc
 .text.vPortFree
                0x000804a0       0x34 src/ASF/thirdparty/freertos/freertos-7.3.0/source/portable/memmang/heap_4.o
                0x000804a0                vPortFree
 .text.prvCopyDataToQueue
                0x000804d4       0x60 src/ASF/thirdparty/freertos/freertos-7.3.0/source/queue.o
 .text.prvCopyDataFromQueue
                0x00080534       0x28 src/ASF/thirdparty/freertos/freertos-7.3.0/source/queue.o
 .text.prvUnlockQueue
                0x0008055c       0x70 src/ASF/thirdparty/freertos/freertos-7.3.0/source/queue.o
 .text.xQueueGenericReset
                0x000805cc       0x7c src/ASF/thirdparty/freertos/freertos-7.3.0/source/queue.o
                0x000805cc                xQueueGenericReset
 .text.xQueueGenericCreate
                0x00080648       0x58 src/ASF/thirdparty/freertos/freertos-7.3.0/source/queue.o
                0x00080648                xQueueGenericCreate
 .text.xQueueGenericSend
                0x000806a0      0x11c src/ASF/thirdparty/freertos/freertos-7.3.0/source/queue.o
                0x000806a0                xQueueGenericSend
 .text.xQueueGenericSendFromISR
                0x000807bc       0x7c src/ASF/thirdparty/freertos/freertos-7.3.0/source/queue.o
                0x000807bc                xQueueGenericSendFromISR
 .text.xQueueGenericReceive
                0x00080838      0x158 src/ASF/thirdparty/freertos/freertos-7.3.0/source/queue.o
                0x00080838                xQueueGenericReceive
 .text.vQueueWaitForMessageRestricted
                0x00080990       0x48 src/ASF/thirdparty/freertos/freertos-7.3.0/source/queue.o
                0x00080990                vQueueWaitForMessageRestricted
 .text.prvAddCurrentTaskToDelayedList
                0x000809d8       0x50 src/ASF/thirdparty/freertos/freertos-7.3.0/source/tasks.o
 .text.xTaskGenericCreate
                0x00080a28      0x1d0 src/ASF/thirdparty/freertos/freertos-7.3.0/source/tasks.o
                0x00080a28                xTaskGenericCreate
 .text.vTaskStartScheduler
                0x00080bf8       0x6c src/ASF/thirdparty/freertos/freertos-7.3.0/source/tasks.o
                0x00080bf8                vTaskStartScheduler
 .text.vTaskSuspendAll
                0x00080c64       0x10 src/ASF/thirdparty/freertos/freertos-7.3.0/source/tasks.o
                0x00080c64                vTaskSuspendAll
 .text.xTaskGetTickCount
                0x00080c74       0x20 src/ASF/thirdparty/freertos/freertos-7.3.0/source/tasks.o
                0x00080c74                xTaskGetTickCount
 .text.vTaskIncrementTick
                0x00080c94       0xec src/ASF/thirdparty/freertos/freertos-7.3.0/source/tasks.o
                0x00080c94                vTaskIncrementTick
 .text.xTaskResumeAll
                0x00080d80       0xe8 src/ASF/thirdparty/freertos/freertos-7.3.0/source/tasks.o
                0x00080d80                xTaskResumeAll
 .text.vTaskDelayUntil
                0x00080e68       0x88 src/ASF/thirdparty/freertos/freertos-7.3.0/source/tasks.o
                0x00080e68                vTaskDelayUntil
 .text.prvIdleTask
                0x00080ef0       0x80 src/ASF/thirdparty/freertos/freertos-7.3.0/source/tasks.o
 .text.vTaskSwitchContext
                0x00080f70       0x70 src/ASF/thirdparty/freertos/freertos-7.3.0/source/tasks.o
                0x00080f70                vTaskSwitchContext
 .text.vTaskPlaceOnEventList
                0x00080fe0       0x5c src/ASF/thirdparty/freertos/freertos-7.3.0/source/tasks.o
                0x00080fe0                vTaskPlaceOnEventList
 .text.vTaskPlaceOnEventListRestricted
                0x0008103c       0x44 src/ASF/thirdparty/freertos/freertos-7.3.0/source/tasks.o
                0x0008103c                vTaskPlaceOnEventListRestricted
 .text.xTaskRemoveFromEventList
                0x00081080       0x78 src/ASF/thirdparty/freertos/freertos-7.3.0/source/tasks.o
                0x00081080                xTaskRemoveFromEventList
 .text.vTaskSetTimeOutState
                0x000810f8       0x28 src/ASF/thirdparty/freertos/freertos-7.3.0/source/tasks.o
                0x000810f8                vTaskSetTimeOutState
 .text.xTaskCheckForTimeOut
                0x00081120       0x78 src/ASF/thirdparty/freertos/freertos-7.3.0/source/tasks.o
                0x00081120                xTaskCheckForTimeOut
 .text.vTaskMissedYield
                0x00081198        0xc src/ASF/thirdparty/freertos/freertos-7.3.0/source/tasks.o
                0x00081198                vTaskMissedYield
 .text.xTaskGetCurrentTaskHandle
                0x000811a4        0xc src/ASF/thirdparty/freertos/freertos-7.3.0/source/tasks.o
                0x000811a4                xTaskGetCurrentTaskHandle
 .text.xTaskGetSchedulerState
                0x000811b0       0x1c src/ASF/thirdparty/freertos/freertos-7.3.0/source/tasks.o
                0x000811b0                xTaskGetSchedulerState
 .text.vTaskPriorityInherit
                0x000811cc       0x70 src/ASF/thirdparty/freertos/freertos-7.3.0/source/tasks.o
                0x000811cc                vTaskPriorityInherit
 .text.vTaskPriorityDisinherit
                0x0008123c       0x4c src/ASF/thirdparty/freertos/freertos-7.3.0/source/tasks.o
                0x0008123c                vTaskPriorityDisinherit
 .text.prvCheckForValidListAndQueue
                0x00081288       0x60 src/ASF/thirdparty/freertos/freertos-7.3.0/source/timers.o
 .text.prvInsertTimerInActiveList
                0x000812e8       0x40 src/ASF/thirdparty/freertos/freertos-7.3.0/source/timers.o
 .text.xTimerCreateTimerTask
                0x00081328       0x50 src/ASF/thirdparty/freertos/freertos-7.3.0/source/timers.o
                0x00081328                xTimerCreateTimerTask
 .text.xTimerGenericCommand
                0x00081378       0x50 src/ASF/thirdparty/freertos/freertos-7.3.0/source/timers.o
                0x00081378                xTimerGenericCommand
 .text.prvSwitchTimerLists.isra.1
                0x000813c8       0x7c src/ASF/thirdparty/freertos/freertos-7.3.0/source/timers.o
 .text.prvTimerTask
                0x00081444      0x190 src/ASF/thirdparty/freertos/freertos-7.3.0/source/timers.o
 .text.USART0_Handler
                0x000815d4       0x5c src/ASF/thirdparty/wireless/addons/sio2host/uart/sio2host.o
                0x000815d4                USART0_Handler
 .text.usart_serial_getchar
                0x00081630       0x90 src/config_functions/console_func.o
 .text.usart_serial_putchar
                0x000816c0       0x8c src/config_functions/console_func.o
 .text.configure_console
                0x0008174c       0x7c src/config_functions/console_func.o
                0x0008174c                configure_console
 .text.pwm_config
                0x000817c8       0xcc src/pwm_func.o
                0x000817c8                pwm_config
 .text.pwm_set_value_A
                0x00081894       0x24 src/pwm_func.o
                0x00081894                pwm_set_value_A
 .text.pwm_set_value_B
                0x000818b8       0x24 src/pwm_func.o
                0x000818b8                pwm_set_value_B
 .text.task_com
                0x000818dc       0xa0 src/tasks/task_com.o
                0x000818dc                task_com
 .text.calc_speed
                0x0008197c       0x60 src/tasks/task_regulate.o
                0x0008197c                calc_speed
 .text.task_regulate
                0x000819dc       0x98 src/tasks/task_regulate.o
                0x000819dc                task_regulate
 .text.read_counters
                0x00081a74       0x98 src/utils.o
                0x00081a74                read_counters
 .text.init_pins
                0x00081b0c       0x68 src/utils.o
                0x00081b0c                init_pins
 .text._write   0x00081b74       0x38 src/ASF/common/utils/stdio/write.o
                0x00081b74                _write
 .text.usart_serial_read_packet
                0x00081bac       0x9c src/ASF/common/services/serial/usart_serial.o
                0x00081bac                usart_serial_read_packet
 .text.pwm_clocks_generate
                0x00081c48       0x4c src/ASF/sam/drivers/pwm/pwm.o
 .text.pwm_init
                0x00081c94       0x40 src/ASF/sam/drivers/pwm/pwm.o
                0x00081c94                pwm_init
 .text.pwm_channel_init
                0x00081cd4       0xf8 src/ASF/sam/drivers/pwm/pwm.o
                0x00081cd4                pwm_channel_init
 .text.pwm_channel_update_duty
                0x00081dcc       0x1e src/ASF/sam/drivers/pwm/pwm.o
                0x00081dcc                pwm_channel_update_duty
 .text.pwm_channel_enable
                0x00081dea        0x8 src/ASF/sam/drivers/pwm/pwm.o
                0x00081dea                pwm_channel_enable
 .text.pwm_channel_disable
                0x00081df2        0x8 src/ASF/sam/drivers/pwm/pwm.o
                0x00081df2                pwm_channel_disable
 *fill*         0x00081dfa        0x2 
 .text.startup.main
                0x00081dfc       0xb8 src/main.o
                0x00081dfc                main
 .text.uart_init
                0x00081eb4       0x36 src/ASF/sam/drivers/uart/uart.o
                0x00081eb4                uart_init
 .text.uart_write
                0x00081eea        0xe src/ASF/sam/drivers/uart/uart.o
                0x00081eea                uart_write
 .text.uart_read
                0x00081ef8       0x10 src/ASF/sam/drivers/uart/uart.o
                0x00081ef8                uart_read
 .text.sysclk_init
                0x00081f08       0x64 src/ASF/common/services/clock/sam3x/sysclk.o
                0x00081f08                sysclk_init
 .text.board_init
                0x00081f6c       0x70 src/ASF/sam/boards/arduino_due_x/init.o
                0x00081f6c                board_init
 .text.pio_set_peripheral
                0x00081fdc       0x3c src/ASF/sam/drivers/pio/pio.o
                0x00081fdc                pio_set_peripheral
 .text.pio_set_input
                0x00082018       0x2c src/ASF/sam/drivers/pio/pio.o
                0x00082018                pio_set_input
 .text.pio_set_output
                0x00082044       0x24 src/ASF/sam/drivers/pio/pio.o
                0x00082044                pio_set_output
 .text.pio_get_interrupt_status
                0x00082068        0x4 src/ASF/sam/drivers/pio/pio.o
                0x00082068                pio_get_interrupt_status
 .text.pio_get_interrupt_mask
                0x0008206c        0x4 src/ASF/sam/drivers/pio/pio.o
                0x0008206c                pio_get_interrupt_mask
 .text.pio_configure_pin
                0x00082070       0xc4 src/ASF/sam/drivers/pio/pio.o
                0x00082070                pio_configure_pin
 .text.pio_configure_pin_group
                0x00082134       0x88 src/ASF/sam/drivers/pio/pio.o
                0x00082134                pio_configure_pin_group
 .text.pio_handler_process
                0x000821bc       0x5c src/ASF/sam/drivers/pio/pio_handler.o
                0x000821bc                pio_handler_process
 .text.PIOA_Handler
                0x00082218       0x14 src/ASF/sam/drivers/pio/pio_handler.o
                0x00082218                PIOA_Handler
 .text.PIOB_Handler
                0x0008222c       0x14 src/ASF/sam/drivers/pio/pio_handler.o
                0x0008222c                PIOB_Handler
 .text.PIOC_Handler
                0x00082240       0x14 src/ASF/sam/drivers/pio/pio_handler.o
                0x00082240                PIOC_Handler
 .text.PIOD_Handler
                0x00082254       0x14 src/ASF/sam/drivers/pio/pio_handler.o
                0x00082254                PIOD_Handler
 .text.pmc_switch_mck_to_pllack
                0x00082268       0x44 src/ASF/sam/drivers/pmc/pmc.o
                0x00082268                pmc_switch_mck_to_pllack
 .text.pmc_switch_mainck_to_xtal
                0x000822ac       0x4c src/ASF/sam/drivers/pmc/pmc.o
                0x000822ac                pmc_switch_mainck_to_xtal
 .text.pmc_osc_is_ready_mainck
                0x000822f8       0x10 src/ASF/sam/drivers/pmc/pmc.o
                0x000822f8                pmc_osc_is_ready_mainck
 .text.pmc_disable_pllack
                0x00082308       0x10 src/ASF/sam/drivers/pmc/pmc.o
                0x00082308                pmc_disable_pllack
 .text.pmc_is_locked_pllack
                0x00082318       0x10 src/ASF/sam/drivers/pmc/pmc.o
                0x00082318                pmc_is_locked_pllack
 .text.pmc_enable_periph_clk
                0x00082328       0x3c src/ASF/sam/drivers/pmc/pmc.o
                0x00082328                pmc_enable_periph_clk
 .text.Dummy_Handler
                0x00082364        0x2 src/ASF/sam/utils/cmsis/sam3x/source/templates/exceptions.o
                0x00082364                DACC_Handler
                0x00082364                DebugMon_Handler
                0x00082364                DMAC_Handler
                0x00082364                TRNG_Handler
                0x00082364                HardFault_Handler
                0x00082364                TC2_Handler
                0x00082364                USART3_Handler
                0x00082364                TWI1_Handler
                0x00082364                NMI_Handler
                0x00082364                TC7_Handler
                0x00082364                ADC_Handler
                0x00082364                SMC_Handler
                0x00082364                RTT_Handler
                0x00082364                EFC1_Handler
                0x00082364                RTC_Handler
                0x00082364                UsageFault_Handler
                0x00082364                TC6_Handler
                0x00082364                WDT_Handler
                0x00082364                CAN0_Handler
                0x00082364                TC4_Handler
                0x00082364                TC1_Handler
                0x00082364                HSMCI_Handler
                0x00082364                TC3_Handler
                0x00082364                Dummy_Handler
                0x00082364                TWI0_Handler
                0x00082364                USART1_Handler
                0x00082364                SSC_Handler
                0x00082364                EFC0_Handler
                0x00082364                PMC_Handler
                0x00082364                PWM_Handler
                0x00082364                CAN1_Handler
                0x00082364                MemManage_Handler
                0x00082364                SUPC_Handler
                0x00082364                TC8_Handler
                0x00082364                USART2_Handler
                0x00082364                EMAC_Handler
                0x00082364                UART_Handler
                0x00082364                BusFault_Handler
                0x00082364                RSTC_Handler
                0x00082364                TC0_Handler
                0x00082364                TC5_Handler
                0x00082364                UOTGHS_Handler
                0x00082364                SPI0_Handler
 *fill*         0x00082366        0x2 
 .text.Reset_Handler
                0x00082368       0x80 src/ASF/sam/utils/cmsis/sam3x/source/templates/gcc/startup_sam3x.o
                0x00082368                Reset_Handler
 .text.SystemCoreClockUpdate
                0x000823e8       0xd0 src/ASF/sam/utils/cmsis/sam3x/source/templates/system_sam3x.o
                0x000823e8                SystemCoreClockUpdate
 .text._sbrk    0x000824b8       0x2c src/ASF/sam/utils/syscalls/gcc/syscalls.o
                0x000824b8                _sbrk
 .text._close   0x000824e4        0x6 src/ASF/sam/utils/syscalls/gcc/syscalls.o
                0x000824e4                _close
 .text._fstat   0x000824ea        0xa src/ASF/sam/utils/syscalls/gcc/syscalls.o
                0x000824ea                _fstat
 .text._isatty  0x000824f4        0x4 src/ASF/sam/utils/syscalls/gcc/syscalls.o
                0x000824f4                _isatty
 .text._lseek   0x000824f8        0x4 src/ASF/sam/utils/syscalls/gcc/syscalls.o
                0x000824f8                _lseek
 .text          0x000824fc      0x21c d:/program files (x86)/atmel studio/7.0/toolchain/arm/arm-gnu-toolchain/bin/../lib/gcc/arm-none-eabi/4.9.3/armv7-m\libgcc.a(_arm_addsubsf3.o)
                0x000824fc                __aeabi_frsub
                0x00082504                __subsf3
                0x00082504                __aeabi_fsub
                0x00082508                __aeabi_fadd
                0x00082508                __addsf3
                0x00082668                __aeabi_ui2f
                0x00082668                __floatunsisf
                0x00082670                __aeabi_i2f
                0x00082670                __floatsisf
                0x0008268c                __aeabi_ul2f
                0x0008268c                __floatundisf
                0x0008269c                __aeabi_l2f
                0x0008269c                __floatdisf
 .text          0x00082718      0x2a0 d:/program files (x86)/atmel studio/7.0/toolchain/arm/arm-gnu-toolchain/bin/../lib/gcc/arm-none-eabi/4.9.3/armv7-m\libgcc.a(_arm_muldivsf3.o)
                0x00082718                __mulsf3
                0x00082718                __aeabi_fmul
                0x00082880                __aeabi_fdiv
                0x00082880                __divsf3
 .text          0x000829b8       0x4c d:/program files (x86)/atmel studio/7.0/toolchain/arm/arm-gnu-toolchain/bin/../lib/gcc/arm-none-eabi/4.9.3/armv7-m\libgcc.a(_arm_fixsfsi.o)
                0x000829b8                __aeabi_f2iz
                0x000829b8                __fixsfsi
 .text.atoi     0x00082a04        0x8 d:/program files (x86)/atmel studio/7.0/toolchain/arm/arm-gnu-toolchain/bin/../lib/gcc/arm-none-eabi/4.9.3/../../../../arm-none-eabi/lib/armv7-m\libc.a(lib_a-atoi.o)
                0x00082a04                atoi
 .text._gets_r  0x00082a0c       0x4c d:/program files (x86)/atmel studio/7.0/toolchain/arm/arm-gnu-toolchain/bin/../lib/gcc/arm-none-eabi/4.9.3/../../../../arm-none-eabi/lib/armv7-m\libc.a(lib_a-gets.o)
                0x00082a0c                _gets_r
 .text.gets     0x00082a58       0x10 d:/program files (x86)/atmel studio/7.0/toolchain/arm/arm-gnu-toolchain/bin/../lib/gcc/arm-none-eabi/4.9.3/../../../../arm-none-eabi/lib/armv7-m\libc.a(lib_a-gets.o)
                0x00082a58                gets
 .text.__libc_init_array
                0x00082a68       0x50 d:/program files (x86)/atmel studio/7.0/toolchain/arm/arm-gnu-toolchain/bin/../lib/gcc/arm-none-eabi/4.9.3/../../../../arm-none-eabi/lib/armv7-m\libc.a(lib_a-init.o)
                0x00082a68                __libc_init_array
 .text.iprintf  0x00082ab8       0x28 d:/program files (x86)/atmel studio/7.0/toolchain/arm/arm-gnu-toolchain/bin/../lib/gcc/arm-none-eabi/4.9.3/../../../../arm-none-eabi/lib/armv7-m\libc.a(lib_a-iprintf.o)
                0x00082ab8                iprintf
 .text.__itoa   0x00082ae0       0x30 d:/program files (x86)/atmel studio/7.0/toolchain/arm/arm-gnu-toolchain/bin/../lib/gcc/arm-none-eabi/4.9.3/../../../../arm-none-eabi/lib/armv7-m\libc.a(lib_a-itoa.o)
                0x00082ae0                __itoa
 .text.itoa     0x00082b10        0x4 d:/program files (x86)/atmel studio/7.0/toolchain/arm/arm-gnu-toolchain/bin/../lib/gcc/arm-none-eabi/4.9.3/../../../../arm-none-eabi/lib/armv7-m\libc.a(lib_a-itoa.o)
                0x00082b10                itoa
 .text          0x00082b14       0xec d:/program files (x86)/atmel studio/7.0/toolchain/arm/arm-gnu-toolchain/bin/../lib/gcc/arm-none-eabi/4.9.3/../../../../arm-none-eabi/lib/armv7-m\libc.a(lib_a-memcpy.o)
                0x00082b14                memcpy
 .text.memset   0x00082c00       0x9c d:/program files (x86)/atmel studio/7.0/toolchain/arm/arm-gnu-toolchain/bin/../lib/gcc/arm-none-eabi/4.9.3/../../../../arm-none-eabi/lib/armv7-m\libc.a(lib_a-memset.o)
                0x00082c00                memset
 .text.__srget_r
                0x00082c9c       0x34 d:/program files (x86)/atmel studio/7.0/toolchain/arm/arm-gnu-toolchain/bin/../lib/gcc/arm-none-eabi/4.9.3/../../../../arm-none-eabi/lib/armv7-m\libc.a(lib_a-rget.o)
                0x00082c9c                __srget_r
 .text.setbuf   0x00082cd0       0x10 d:/program files (x86)/atmel studio/7.0/toolchain/arm/arm-gnu-toolchain/bin/../lib/gcc/arm-none-eabi/4.9.3/../../../../arm-none-eabi/lib/armv7-m\libc.a(lib_a-setbuf.o)
                0x00082cd0                setbuf
 .text.setvbuf  0x00082ce0       0xf8 d:/program files (x86)/atmel studio/7.0/toolchain/arm/arm-gnu-toolchain/bin/../lib/gcc/arm-none-eabi/4.9.3/../../../../arm-none-eabi/lib/armv7-m\libc.a(lib_a-setvbuf.o)
                0x00082ce0                setvbuf
 .text.strdup   0x00082dd8       0x10 d:/program files (x86)/atmel studio/7.0/toolchain/arm/arm-gnu-toolchain/bin/../lib/gcc/arm-none-eabi/4.9.3/../../../../arm-none-eabi/lib/armv7-m\libc.a(lib_a-strdup.o)
                0x00082dd8                strdup
 .text._strdup_r
                0x00082de8       0x28 d:/program files (x86)/atmel studio/7.0/toolchain/arm/arm-gnu-toolchain/bin/../lib/gcc/arm-none-eabi/4.9.3/../../../../arm-none-eabi/lib/armv7-m\libc.a(lib_a-strdup_r.o)
                0x00082de8                _strdup_r
 .text.strlen   0x00082e10       0x5c d:/program files (x86)/atmel studio/7.0/toolchain/arm/arm-gnu-toolchain/bin/../lib/gcc/arm-none-eabi/4.9.3/../../../../arm-none-eabi/lib/armv7-m\libc.a(lib_a-strlen.o)
                0x00082e10                strlen
 .text.strncpy  0x00082e6c       0x68 d:/program files (x86)/atmel studio/7.0/toolchain/arm/arm-gnu-toolchain/bin/../lib/gcc/arm-none-eabi/4.9.3/../../../../arm-none-eabi/lib/armv7-m\libc.a(lib_a-strncpy.o)
                0x00082e6c                strncpy
 .text.strsep   0x00082ed4        0xc d:/program files (x86)/atmel studio/7.0/toolchain/arm/arm-gnu-toolchain/bin/../lib/gcc/arm-none-eabi/4.9.3/../../../../arm-none-eabi/lib/armv7-m\libc.a(lib_a-strsep.o)
                0x00082ed4                strsep
 .text.__strtok_r
                0x00082ee0       0x64 d:/program files (x86)/atmel studio/7.0/toolchain/arm/arm-gnu-toolchain/bin/../lib/gcc/arm-none-eabi/4.9.3/../../../../arm-none-eabi/lib/armv7-m\libc.a(lib_a-strtok_r.o)
                0x00082ee0                __strtok_r
 .text._strtol_r
                0x00082f44      0x11c d:/program files (x86)/atmel studio/7.0/toolchain/arm/arm-gnu-toolchain/bin/../lib/gcc/arm-none-eabi/4.9.3/../../../../arm-none-eabi/lib/armv7-m\libc.a(lib_a-strtol.o)
                0x00082f44                _strtol_r
 .text.strtol   0x00083060       0x18 d:/program files (x86)/atmel studio/7.0/toolchain/arm/arm-gnu-toolchain/bin/../lib/gcc/arm-none-eabi/4.9.3/../../../../arm-none-eabi/lib/armv7-m\libc.a(lib_a-strtol.o)
                0x00083060                strtol
 .text.__utoa   0x00083078       0x80 d:/program files (x86)/atmel studio/7.0/toolchain/arm/arm-gnu-toolchain/bin/../lib/gcc/arm-none-eabi/4.9.3/../../../../arm-none-eabi/lib/armv7-m\libc.a(lib_a-utoa.o)
                0x00083078                __utoa
 .text.__sprint_r.part.0
                0x000830f8       0x78 d:/program files (x86)/atmel studio/7.0/toolchain/arm/arm-gnu-toolchain/bin/../lib/gcc/arm-none-eabi/4.9.3/../../../../arm-none-eabi/lib/armv7-m\libc.a(lib_a-vfiprintf.o)
 .text._vfiprintf_r
                0x00083170      0xc10 d:/program files (x86)/atmel studio/7.0/toolchain/arm/arm-gnu-toolchain/bin/../lib/gcc/arm-none-eabi/4.9.3/../../../../arm-none-eabi/lib/armv7-m\libc.a(lib_a-vfiprintf.o)
                0x00083170                _vfiprintf_r
 .text.__sbprintf
                0x00083d80       0x7c d:/program files (x86)/atmel studio/7.0/toolchain/arm/arm-gnu-toolchain/bin/../lib/gcc/arm-none-eabi/4.9.3/../../../../arm-none-eabi/lib/armv7-m\libc.a(lib_a-vfiprintf.o)
 .text.__swsetup_r
                0x00083dfc       0xc4 d:/program files (x86)/atmel studio/7.0/toolchain/arm/arm-gnu-toolchain/bin/../lib/gcc/arm-none-eabi/4.9.3/../../../../arm-none-eabi/lib/armv7-m\libc.a(lib_a-wsetup.o)
                0x00083dfc                __swsetup_r
 .text.startup.register_fini
                0x00083ec0       0x14 d:/program files (x86)/atmel studio/7.0/toolchain/arm/arm-gnu-toolchain/bin/../lib/gcc/arm-none-eabi/4.9.3/../../../../arm-none-eabi/lib/armv7-m\libc.a(lib_a-__call_atexit.o)
 .text.atexit   0x00083ed4        0xc d:/program files (x86)/atmel studio/7.0/toolchain/arm/arm-gnu-toolchain/bin/../lib/gcc/arm-none-eabi/4.9.3/../../../../arm-none-eabi/lib/armv7-m\libc.a(lib_a-atexit.o)
                0x00083ed4                atexit
 .text.__sflush_r
                0x00083ee0      0x148 d:/program files (x86)/atmel studio/7.0/toolchain/arm/arm-gnu-toolchain/bin/../lib/gcc/arm-none-eabi/4.9.3/../../../../arm-none-eabi/lib/armv7-m\libc.a(lib_a-fflush.o)
                0x00083ee0                __sflush_r
 .text._fflush_r
                0x00084028       0x2c d:/program files (x86)/atmel studio/7.0/toolchain/arm/arm-gnu-toolchain/bin/../lib/gcc/arm-none-eabi/4.9.3/../../../../arm-none-eabi/lib/armv7-m\libc.a(lib_a-fflush.o)
                0x00084028                _fflush_r
 .text.fflush   0x00084054       0x24 d:/program files (x86)/atmel studio/7.0/toolchain/arm/arm-gnu-toolchain/bin/../lib/gcc/arm-none-eabi/4.9.3/../../../../arm-none-eabi/lib/armv7-m\libc.a(lib_a-fflush.o)
                0x00084054                fflush
 .text._cleanup_r
                0x00084078        0xc d:/program files (x86)/atmel studio/7.0/toolchain/arm/arm-gnu-toolchain/bin/../lib/gcc/arm-none-eabi/4.9.3/../../../../arm-none-eabi/lib/armv7-m\libc.a(lib_a-findfp.o)
                0x00084078                _cleanup_r
 .text.__sinit.part.1
                0x00084084       0xf0 d:/program files (x86)/atmel studio/7.0/toolchain/arm/arm-gnu-toolchain/bin/../lib/gcc/arm-none-eabi/4.9.3/../../../../arm-none-eabi/lib/armv7-m\libc.a(lib_a-findfp.o)
 .text.__sinit  0x00084174        0xc d:/program files (x86)/atmel studio/7.0/toolchain/arm/arm-gnu-toolchain/bin/../lib/gcc/arm-none-eabi/4.9.3/../../../../arm-none-eabi/lib/armv7-m\libc.a(lib_a-findfp.o)
                0x00084174                __sinit
 .text.__sfp_lock_acquire
                0x00084180        0x4 d:/program files (x86)/atmel studio/7.0/toolchain/arm/arm-gnu-toolchain/bin/../lib/gcc/arm-none-eabi/4.9.3/../../../../arm-none-eabi/lib/armv7-m\libc.a(lib_a-findfp.o)
                0x00084180                __sfp_lock_acquire
 .text.__sfp_lock_release
                0x00084184        0x4 d:/program files (x86)/atmel studio/7.0/toolchain/arm/arm-gnu-toolchain/bin/../lib/gcc/arm-none-eabi/4.9.3/../../../../arm-none-eabi/lib/armv7-m\libc.a(lib_a-findfp.o)
                0x00084184                __sfp_lock_release
 .text.__libc_fini_array
                0x00084188       0x2c d:/program files (x86)/atmel studio/7.0/toolchain/arm/arm-gnu-toolchain/bin/../lib/gcc/arm-none-eabi/4.9.3/../../../../arm-none-eabi/lib/armv7-m\libc.a(lib_a-fini.o)
                0x00084188                __libc_fini_array
 .text.__fputwc
                0x000841b4       0xb0 d:/program files (x86)/atmel studio/7.0/toolchain/arm/arm-gnu-toolchain/bin/../lib/gcc/arm-none-eabi/4.9.3/../../../../arm-none-eabi/lib/armv7-m\libc.a(lib_a-fputwc.o)
                0x000841b4                __fputwc
 .text._fputwc_r
                0x00084264       0x24 d:/program files (x86)/atmel studio/7.0/toolchain/arm/arm-gnu-toolchain/bin/../lib/gcc/arm-none-eabi/4.9.3/../../../../arm-none-eabi/lib/armv7-m\libc.a(lib_a-fputwc.o)
                0x00084264                _fputwc_r
 .text._malloc_trim_r
                0x00084288       0x9c d:/program files (x86)/atmel studio/7.0/toolchain/arm/arm-gnu-toolchain/bin/../lib/gcc/arm-none-eabi/4.9.3/../../../../arm-none-eabi/lib/armv7-m\libc.a(lib_a-freer.o)
                0x00084288                _malloc_trim_r
 .text._free_r  0x00084324      0x1b0 d:/program files (x86)/atmel studio/7.0/toolchain/arm/arm-gnu-toolchain/bin/../lib/gcc/arm-none-eabi/4.9.3/../../../../arm-none-eabi/lib/armv7-m\libc.a(lib_a-freer.o)
                0x00084324                _free_r
 .text.__sfvwrite_r
                0x000844d4      0x320 d:/program files (x86)/atmel studio/7.0/toolchain/arm/arm-gnu-toolchain/bin/../lib/gcc/arm-none-eabi/4.9.3/../../../../arm-none-eabi/lib/armv7-m\libc.a(lib_a-fvwrite.o)
                0x000844d4                __sfvwrite_r
 .text._fwalk   0x000847f4       0x48 d:/program files (x86)/atmel studio/7.0/toolchain/arm/arm-gnu-toolchain/bin/../lib/gcc/arm-none-eabi/4.9.3/../../../../arm-none-eabi/lib/armv7-m\libc.a(lib_a-fwalk.o)
                0x000847f4                _fwalk
 .text._fwalk_reent
                0x0008483c       0x50 d:/program files (x86)/atmel studio/7.0/toolchain/arm/arm-gnu-toolchain/bin/../lib/gcc/arm-none-eabi/4.9.3/../../../../arm-none-eabi/lib/armv7-m\libc.a(lib_a-fwalk.o)
                0x0008483c                _fwalk_reent
 .text.__locale_charset
                0x0008488c        0x8 d:/program files (x86)/atmel studio/7.0/toolchain/arm/arm-gnu-toolchain/bin/../lib/gcc/arm-none-eabi/4.9.3/../../../../arm-none-eabi/lib/armv7-m\libc.a(lib_a-locale.o)
                0x0008488c                __locale_charset
 .text.__locale_mb_cur_max
                0x00084894        0xc d:/program files (x86)/atmel studio/7.0/toolchain/arm/arm-gnu-toolchain/bin/../lib/gcc/arm-none-eabi/4.9.3/../../../../arm-none-eabi/lib/armv7-m\libc.a(lib_a-locale.o)
                0x00084894                __locale_mb_cur_max
 .text.__smakebuf_r
                0x000848a0       0xe0 d:/program files (x86)/atmel studio/7.0/toolchain/arm/arm-gnu-toolchain/bin/../lib/gcc/arm-none-eabi/4.9.3/../../../../arm-none-eabi/lib/armv7-m\libc.a(lib_a-makebuf.o)
                0x000848a0                __smakebuf_r
 .text.malloc   0x00084980       0x10 d:/program files (x86)/atmel studio/7.0/toolchain/arm/arm-gnu-toolchain/bin/../lib/gcc/arm-none-eabi/4.9.3/../../../../arm-none-eabi/lib/armv7-m\libc.a(lib_a-malloc.o)
                0x00084980                malloc
 .text._malloc_r
                0x00084990      0x50c d:/program files (x86)/atmel studio/7.0/toolchain/arm/arm-gnu-toolchain/bin/../lib/gcc/arm-none-eabi/4.9.3/../../../../arm-none-eabi/lib/armv7-m\libc.a(lib_a-mallocr.o)
                0x00084990                _malloc_r
 .text.memchr   0x00084e9c       0x94 d:/program files (x86)/atmel studio/7.0/toolchain/arm/arm-gnu-toolchain/bin/../lib/gcc/arm-none-eabi/4.9.3/../../../../arm-none-eabi/lib/armv7-m\libc.a(lib_a-memchr.o)
                0x00084e9c                memchr
 .text.memmove  0x00084f30       0xc8 d:/program files (x86)/atmel studio/7.0/toolchain/arm/arm-gnu-toolchain/bin/../lib/gcc/arm-none-eabi/4.9.3/../../../../arm-none-eabi/lib/armv7-m\libc.a(lib_a-memmove.o)
                0x00084f30                memmove
 .text.__malloc_lock
                0x00084ff8        0x4 d:/program files (x86)/atmel studio/7.0/toolchain/arm/arm-gnu-toolchain/bin/../lib/gcc/arm-none-eabi/4.9.3/../../../../arm-none-eabi/lib/armv7-m\libc.a(lib_a-mlock.o)
                0x00084ff8                __malloc_lock
 .text.__malloc_unlock
                0x00084ffc        0x4 d:/program files (x86)/atmel studio/7.0/toolchain/arm/arm-gnu-toolchain/bin/../lib/gcc/arm-none-eabi/4.9.3/../../../../arm-none-eabi/lib/armv7-m\libc.a(lib_a-mlock.o)
                0x00084ffc                __malloc_unlock
 .text._realloc_r
                0x00085000      0x3e0 d:/program files (x86)/atmel studio/7.0/toolchain/arm/arm-gnu-toolchain/bin/../lib/gcc/arm-none-eabi/4.9.3/../../../../arm-none-eabi/lib/armv7-m\libc.a(lib_a-reallocr.o)
                0x00085000                _realloc_r
 .text.lflush   0x000853e0       0x14 d:/program files (x86)/atmel studio/7.0/toolchain/arm/arm-gnu-toolchain/bin/../lib/gcc/arm-none-eabi/4.9.3/../../../../arm-none-eabi/lib/armv7-m\libc.a(lib_a-refill.o)
 .text.__srefill_r
                0x000853f4      0x110 d:/program files (x86)/atmel studio/7.0/toolchain/arm/arm-gnu-toolchain/bin/../lib/gcc/arm-none-eabi/4.9.3/../../../../arm-none-eabi/lib/armv7-m\libc.a(lib_a-refill.o)
                0x000853f4                __srefill_r
 .text._sbrk_r  0x00085504       0x24 d:/program files (x86)/atmel studio/7.0/toolchain/arm/arm-gnu-toolchain/bin/../lib/gcc/arm-none-eabi/4.9.3/../../../../arm-none-eabi/lib/armv7-m\libc.a(lib_a-sbrkr.o)
                0x00085504                _sbrk_r
 .text.__sread  0x00085528       0x24 d:/program files (x86)/atmel studio/7.0/toolchain/arm/arm-gnu-toolchain/bin/../lib/gcc/arm-none-eabi/4.9.3/../../../../arm-none-eabi/lib/armv7-m\libc.a(lib_a-stdio.o)
                0x00085528                __sread
 .text.__swrite
                0x0008554c       0x38 d:/program files (x86)/atmel studio/7.0/toolchain/arm/arm-gnu-toolchain/bin/../lib/gcc/arm-none-eabi/4.9.3/../../../../arm-none-eabi/lib/armv7-m\libc.a(lib_a-stdio.o)
                0x0008554c                __swrite
 .text.__sseek  0x00085584       0x20 d:/program files (x86)/atmel studio/7.0/toolchain/arm/arm-gnu-toolchain/bin/../lib/gcc/arm-none-eabi/4.9.3/../../../../arm-none-eabi/lib/armv7-m\libc.a(lib_a-stdio.o)
                0x00085584                __sseek
 .text.__sclose
                0x000855a4        0x8 d:/program files (x86)/atmel studio/7.0/toolchain/arm/arm-gnu-toolchain/bin/../lib/gcc/arm-none-eabi/4.9.3/../../../../arm-none-eabi/lib/armv7-m\libc.a(lib_a-stdio.o)
                0x000855a4                __sclose
 .text.__swbuf_r
                0x000855ac       0xa8 d:/program files (x86)/atmel studio/7.0/toolchain/arm/arm-gnu-toolchain/bin/../lib/gcc/arm-none-eabi/4.9.3/../../../../arm-none-eabi/lib/armv7-m\libc.a(lib_a-wbuf.o)
                0x000855ac                __swbuf_r
 .text._wcrtomb_r
                0x00085654       0x54 d:/program files (x86)/atmel studio/7.0/toolchain/arm/arm-gnu-toolchain/bin/../lib/gcc/arm-none-eabi/4.9.3/../../../../arm-none-eabi/lib/armv7-m\libc.a(lib_a-wcrtomb.o)
                0x00085654                _wcrtomb_r
 .text.__ascii_wctomb
                0x000856a8       0x1c d:/program files (x86)/atmel studio/7.0/toolchain/arm/arm-gnu-toolchain/bin/../lib/gcc/arm-none-eabi/4.9.3/../../../../arm-none-eabi/lib/armv7-m\libc.a(lib_a-wctomb_r.o)
                0x000856a8                __ascii_wctomb
 .text._write_r
                0x000856c4       0x28 d:/program files (x86)/atmel studio/7.0/toolchain/arm/arm-gnu-toolchain/bin/../lib/gcc/arm-none-eabi/4.9.3/../../../../arm-none-eabi/lib/armv7-m\libc.a(lib_a-writer.o)
                0x000856c4                _write_r
 .text.__register_exitproc
                0x000856ec       0xa4 d:/program files (x86)/atmel studio/7.0/toolchain/arm/arm-gnu-toolchain/bin/../lib/gcc/arm-none-eabi/4.9.3/../../../../arm-none-eabi/lib/armv7-m\libc.a(lib_a-__atexit.o)
                0x000856ec                __register_exitproc
 .text._close_r
                0x00085790       0x24 d:/program files (x86)/atmel studio/7.0/toolchain/arm/arm-gnu-toolchain/bin/../lib/gcc/arm-none-eabi/4.9.3/../../../../arm-none-eabi/lib/armv7-m\libc.a(lib_a-closer.o)
                0x00085790                _close_r
 .text._fclose_r
                0x000857b4       0x84 d:/program files (x86)/atmel studio/7.0/toolchain/arm/arm-gnu-toolchain/bin/../lib/gcc/arm-none-eabi/4.9.3/../../../../arm-none-eabi/lib/armv7-m\libc.a(lib_a-fclose.o)
                0x000857b4                _fclose_r
 .text._fstat_r
                0x00085838       0x28 d:/program files (x86)/atmel studio/7.0/toolchain/arm/arm-gnu-toolchain/bin/../lib/gcc/arm-none-eabi/4.9.3/../../../../arm-none-eabi/lib/armv7-m\libc.a(lib_a-fstatr.o)
                0x00085838                _fstat_r
 .text._isatty_r
                0x00085860       0x24 d:/program files (x86)/atmel studio/7.0/toolchain/arm/arm-gnu-toolchain/bin/../lib/gcc/arm-none-eabi/4.9.3/../../../../arm-none-eabi/lib/armv7-m\libc.a(lib_a-isattyr.o)
                0x00085860                _isatty_r
 .text._lseek_r
                0x00085884       0x28 d:/program files (x86)/atmel studio/7.0/toolchain/arm/arm-gnu-toolchain/bin/../lib/gcc/arm-none-eabi/4.9.3/../../../../arm-none-eabi/lib/armv7-m\libc.a(lib_a-lseekr.o)
                0x00085884                _lseek_r
 .text._read_r  0x000858ac       0x28 d:/program files (x86)/atmel studio/7.0/toolchain/arm/arm-gnu-toolchain/bin/../lib/gcc/arm-none-eabi/4.9.3/../../../../arm-none-eabi/lib/armv7-m\libc.a(lib_a-readr.o)
                0x000858ac                _read_r
 .text          0x000858d4       0x30 d:/program files (x86)/atmel studio/7.0/toolchain/arm/arm-gnu-toolchain/bin/../lib/gcc/arm-none-eabi/4.9.3/armv7-m\libgcc.a(_aeabi_uldivmod.o)
                0x000858d4                __aeabi_uldivmod
 .text          0x00085904       0x60 d:/program files (x86)/atmel studio/7.0/toolchain/arm/arm-gnu-toolchain/bin/../lib/gcc/arm-none-eabi/4.9.3/armv7-m\libgcc.a(bpabi.o)
                0x00085904                __gnu_ldivmod_helper
                0x00085934                __gnu_uldivmod_helper
 .text          0x00085964        0x4 d:/program files (x86)/atmel studio/7.0/toolchain/arm/arm-gnu-toolchain/bin/../lib/gcc/arm-none-eabi/4.9.3/armv7-m\libgcc.a(_dvmd_tls.o)
                0x00085964                __aeabi_idiv0
                0x00085964                __aeabi_ldiv0
 .text          0x00085968      0x2ac d:/program files (x86)/atmel studio/7.0/toolchain/arm/arm-gnu-toolchain/bin/../lib/gcc/arm-none-eabi/4.9.3/armv7-m\libgcc.a(_divdi3.o)
                0x00085968                __divdi3
 .text          0x00085c14      0x270 d:/program files (x86)/atmel studio/7.0/toolchain/arm/arm-gnu-toolchain/bin/../lib/gcc/arm-none-eabi/4.9.3/armv7-m\libgcc.a(_udivdi3.o)
                0x00085c14                __udivdi3
 *(.glue_7t)
 .glue_7t       0x00000000        0x0 linker stubs
 *(.glue_7)
 .glue_7        0x00000000        0x0 linker stubs
 *(.rodata .rodata* .gnu.linkonce.r.*)
 .rodata.str1.1
                0x00085e84       0x17 src/ASF/thirdparty/freertos/freertos-7.3.0/source/tasks.o
                                 0x1a (size before relaxing)
 .rodata.str1.1
                0x00085e9b        0x8 src/ASF/thirdparty/freertos/freertos-7.3.0/source/timers.o
 .rodata.str1.1
                0x00085ea3       0x12 src/tasks/task_com.o
 .rodata.str1.1
                0x00000000       0x12 src/tasks/task_regulate.o
                                  0x2 (size before relaxing)
 *fill*         0x00085eb5        0x3 
 .rodata        0x00085eb8       0x2c src/ASF/sam/drivers/pwm/pwm.o
 .rodata.str1.1
                0x00085ee4        0xd src/main.o
 *fill*         0x00085ef1        0x3 
 .rodata.str1.4
                0x00085ef4        0x2 d:/program files (x86)/atmel studio/7.0/toolchain/arm/arm-gnu-toolchain/bin/../lib/gcc/arm-none-eabi/4.9.3/../../../../arm-none-eabi/lib/armv7-m\libc.a(lib_a-impure.o)
 *fill*         0x00085ef6        0x2 
 .rodata._global_impure_ptr
                0x00085ef8        0x4 d:/program files (x86)/atmel studio/7.0/toolchain/arm/arm-gnu-toolchain/bin/../lib/gcc/arm-none-eabi/4.9.3/../../../../arm-none-eabi/lib/armv7-m\libc.a(lib_a-impure.o)
                0x00085ef8                _global_impure_ptr
 .rodata.str1.4
                0x00085efc       0x25 d:/program files (x86)/atmel studio/7.0/toolchain/arm/arm-gnu-toolchain/bin/../lib/gcc/arm-none-eabi/4.9.3/../../../../arm-none-eabi/lib/armv7-m\libc.a(lib_a-utoa.o)
 *fill*         0x00085f21        0x3 
 .rodata.zeroes.6869
                0x00085f24       0x10 d:/program files (x86)/atmel studio/7.0/toolchain/arm/arm-gnu-toolchain/bin/../lib/gcc/arm-none-eabi/4.9.3/../../../../arm-none-eabi/lib/armv7-m\libc.a(lib_a-vfiprintf.o)
 .rodata.str1.4
                0x00085f34       0x30 d:/program files (x86)/atmel studio/7.0/toolchain/arm/arm-gnu-toolchain/bin/../lib/gcc/arm-none-eabi/4.9.3/../../../../arm-none-eabi/lib/armv7-m\libc.a(lib_a-vfiprintf.o)
                                 0x2f (size before relaxing)
 .rodata.blanks.6868
                0x00085f64       0x10 d:/program files (x86)/atmel studio/7.0/toolchain/arm/arm-gnu-toolchain/bin/../lib/gcc/arm-none-eabi/4.9.3/../../../../arm-none-eabi/lib/armv7-m\libc.a(lib_a-vfiprintf.o)
 .rodata._ctype_
                0x00085f74      0x101 d:/program files (x86)/atmel studio/7.0/toolchain/arm/arm-gnu-toolchain/bin/../lib/gcc/arm-none-eabi/4.9.3/../../../../arm-none-eabi/lib/armv7-m\libc.a(lib_a-ctype_.o)
                0x00085f74                _ctype_
 *(.ARM.extab* .gnu.linkonce.armextab.*)
                0x00086078                . = ALIGN (0x4)
 *fill*         0x00086075        0x3 
 *(.init)
 .init          0x00086078        0x4 d:/program files (x86)/atmel studio/7.0/toolchain/arm/arm-gnu-toolchain/bin/../lib/gcc/arm-none-eabi/4.9.3/armv7-m/crti.o
                0x00086078                _init
 .init          0x0008607c        0x8 d:/program files (x86)/atmel studio/7.0/toolchain/arm/arm-gnu-toolchain/bin/../lib/gcc/arm-none-eabi/4.9.3/armv7-m/crtn.o
                0x00086084                . = ALIGN (0x4)
                0x00086084                __preinit_array_start = .
 *(.preinit_array)
                0x00086084                __preinit_array_end = .
                0x00086084                . = ALIGN (0x4)
                0x00086084                __init_array_start = .
 *(SORT(.init_array.*))
 .init_array.00000
                0x00086084        0x4 d:/program files (x86)/atmel studio/7.0/toolchain/arm/arm-gnu-toolchain/bin/../lib/gcc/arm-none-eabi/4.9.3/../../../../arm-none-eabi/lib/armv7-m\libc.a(lib_a-__call_atexit.o)
 *(.init_array)
 .init_array    0x00086088        0x4 d:/program files (x86)/atmel studio/7.0/toolchain/arm/arm-gnu-toolchain/bin/../lib/gcc/arm-none-eabi/4.9.3/armv7-m/crtbegin.o
                0x0008608c                __init_array_end = .
                0x0008608c                . = ALIGN (0x4)
 *crtbegin.o(.ctors)
 *(EXCLUDE_FILE(*crtend.o) .ctors)
 *(SORT(.ctors.*))
 *crtend.o(.ctors)
                0x0008608c                . = ALIGN (0x4)
 *(.fini)
 .fini          0x0008608c        0x4 d:/program files (x86)/atmel studio/7.0/toolchain/arm/arm-gnu-toolchain/bin/../lib/gcc/arm-none-eabi/4.9.3/armv7-m/crti.o
                0x0008608c                _fini
 .fini          0x00086090        0x8 d:/program files (x86)/atmel studio/7.0/toolchain/arm/arm-gnu-toolchain/bin/../lib/gcc/arm-none-eabi/4.9.3/armv7-m/crtn.o
                0x00086098                . = ALIGN (0x4)
                0x00086098                __fini_array_start = .
 *(.fini_array)
 .fini_array    0x00086098        0x4 d:/program files (x86)/atmel studio/7.0/toolchain/arm/arm-gnu-toolchain/bin/../lib/gcc/arm-none-eabi/4.9.3/armv7-m/crtbegin.o
 *(SORT(.fini_array.*))
                0x0008609c                __fini_array_end = .
 *crtbegin.o(.dtors)
 *(EXCLUDE_FILE(*crtend.o) .dtors)
 *(SORT(.dtors.*))
 *crtend.o(.dtors)
                0x0008609c                . = ALIGN (0x4)
                0x0008609c                _efixed = .
                0x0008609c                PROVIDE (__exidx_start, .)

.vfp11_veneer   0x0008609c        0x0
 .vfp11_veneer  0x00000000        0x0 linker stubs

.v4_bx          0x0008609c        0x0
 .v4_bx         0x00000000        0x0 linker stubs

.iplt           0x0008609c        0x0
 .iplt          0x00000000        0x0 d:/program files (x86)/atmel studio/7.0/toolchain/arm/arm-gnu-toolchain/bin/../lib/gcc/arm-none-eabi/4.9.3/armv7-m/crtbegin.o

.ARM.exidx      0x0008609c        0x8
 *(.ARM.exidx* .gnu.linkonce.armexidx.*)
 .ARM.exidx     0x0008609c        0x8 d:/program files (x86)/atmel studio/7.0/toolchain/arm/arm-gnu-toolchain/bin/../lib/gcc/arm-none-eabi/4.9.3/armv7-m\libgcc.a(_divdi3.o)
 .ARM.exidx     0x000860a4        0x0 d:/program files (x86)/atmel studio/7.0/toolchain/arm/arm-gnu-toolchain/bin/../lib/gcc/arm-none-eabi/4.9.3/armv7-m\libgcc.a(_udivdi3.o)
                                  0x8 (size before relaxing)
                0x000860a4                PROVIDE (__exidx_end, .)

.eh_frame       0x000860a4        0x0
 .eh_frame      0x000860a4        0x0 d:/program files (x86)/atmel studio/7.0/toolchain/arm/arm-gnu-toolchain/bin/../lib/gcc/arm-none-eabi/4.9.3/armv7-m/crtbegin.o

.rel.dyn        0x000860a4        0x0
 .rel.iplt      0x00000000        0x0 d:/program files (x86)/atmel studio/7.0/toolchain/arm/arm-gnu-toolchain/bin/../lib/gcc/arm-none-eabi/4.9.3/armv7-m/crtbegin.o

.jcr            0x000860a4        0x0
 .jcr           0x000860a4        0x0 d:/program files (x86)/atmel studio/7.0/toolchain/arm/arm-gnu-toolchain/bin/../lib/gcc/arm-none-eabi/4.9.3/armv7-m/crtbegin.o

.igot.plt       0x000860a4        0x0
 .igot.plt      0x00000000        0x0 d:/program files (x86)/atmel studio/7.0/toolchain/arm/arm-gnu-toolchain/bin/../lib/gcc/arm-none-eabi/4.9.3/armv7-m/crtbegin.o
                0x000860a4                . = ALIGN (0x4)
                0x000860a4                _etext = .

.relocate       0x20070000      0x970 load address 0x000860a4
                0x20070000                . = ALIGN (0x4)
                0x20070000                _srelocate = .
 *(.ramfunc .ramfunc.*)
 .ramfunc       0x20070000       0xec src/ASF/sam/utils/cmsis/sam3x/source/templates/system_sam3x.o
                0x20070000                SystemInit
                0x20070088                system_init_flash
 *(.data .data.*)
 .data.uxCriticalNesting
                0x200700ec        0x4 src/ASF/thirdparty/freertos/freertos-7.3.0/source/portable/gcc/sam/port.o
 .data.xFreeBytesRemaining
                0x200700f0        0x4 src/ASF/thirdparty/freertos/freertos-7.3.0/source/portable/memmang/heap_4.o
 .data.xNextTaskUnblockTime
                0x200700f4        0x4 src/ASF/thirdparty/freertos/freertos-7.3.0/source/tasks.o
 .data.sync     0x200700f8        0x4 src/main.o
                0x200700f8                sync
 .data.g_interrupt_enabled
                0x200700fc        0x1 src/ASF/common/utils/interrupt/interrupt_sam_nvic.o
                0x200700fc                g_interrupt_enabled
 *fill*         0x200700fd        0x3 
 .data.SystemCoreClock
                0x20070100        0x4 src/ASF/sam/utils/cmsis/sam3x/source/templates/system_sam3x.o
                0x20070100                SystemCoreClock
 *fill*         0x20070104        0x4 
 .data.impure_data
                0x20070108      0x428 d:/program files (x86)/atmel studio/7.0/toolchain/arm/arm-gnu-toolchain/bin/../lib/gcc/arm-none-eabi/4.9.3/../../../../arm-none-eabi/lib/armv7-m\libc.a(lib_a-impure.o)
 .data._impure_ptr
                0x20070530        0x4 d:/program files (x86)/atmel studio/7.0/toolchain/arm/arm-gnu-toolchain/bin/../lib/gcc/arm-none-eabi/4.9.3/../../../../arm-none-eabi/lib/armv7-m\libc.a(lib_a-impure.o)
                0x20070530                _impure_ptr
 .data.__ctype_ptr__
                0x20070534        0x4 d:/program files (x86)/atmel studio/7.0/toolchain/arm/arm-gnu-toolchain/bin/../lib/gcc/arm-none-eabi/4.9.3/../../../../arm-none-eabi/lib/armv7-m\libc.a(lib_a-ctype_.o)
                0x20070534                __ctype_ptr__
 .data.lc_ctype_charset
                0x20070538       0x20 d:/program files (x86)/atmel studio/7.0/toolchain/arm/arm-gnu-toolchain/bin/../lib/gcc/arm-none-eabi/4.9.3/../../../../arm-none-eabi/lib/armv7-m\libc.a(lib_a-locale.o)
 .data.__mb_cur_max
                0x20070558        0x4 d:/program files (x86)/atmel studio/7.0/toolchain/arm/arm-gnu-toolchain/bin/../lib/gcc/arm-none-eabi/4.9.3/../../../../arm-none-eabi/lib/armv7-m\libc.a(lib_a-locale.o)
                0x20070558                __mb_cur_max
 .data.__malloc_av_
                0x2007055c      0x408 d:/program files (x86)/atmel studio/7.0/toolchain/arm/arm-gnu-toolchain/bin/../lib/gcc/arm-none-eabi/4.9.3/../../../../arm-none-eabi/lib/armv7-m\libc.a(lib_a-mallocr.o)
                0x2007055c                __malloc_av_
 .data.__malloc_trim_threshold
                0x20070964        0x4 d:/program files (x86)/atmel studio/7.0/toolchain/arm/arm-gnu-toolchain/bin/../lib/gcc/arm-none-eabi/4.9.3/../../../../arm-none-eabi/lib/armv7-m\libc.a(lib_a-mallocr.o)
                0x20070964                __malloc_trim_threshold
 .data.__malloc_sbrk_base
                0x20070968        0x4 d:/program files (x86)/atmel studio/7.0/toolchain/arm/arm-gnu-toolchain/bin/../lib/gcc/arm-none-eabi/4.9.3/../../../../arm-none-eabi/lib/armv7-m\libc.a(lib_a-mallocr.o)
                0x20070968                __malloc_sbrk_base
 .data.__wctomb
                0x2007096c        0x4 d:/program files (x86)/atmel studio/7.0/toolchain/arm/arm-gnu-toolchain/bin/../lib/gcc/arm-none-eabi/4.9.3/../../../../arm-none-eabi/lib/armv7-m\libc.a(lib_a-wctomb_r.o)
                0x2007096c                __wctomb
                0x20070970                . = ALIGN (0x4)
                0x20070970                _erelocate = .

.bss            0x20070970     0xa33c load address 0x00086a18
                0x20070970                . = ALIGN (0x4)
                0x20070970                _sbss = .
                0x20070970                _szero = .
 *(.bss .bss.*)
 .bss           0x20070970       0x1c d:/program files (x86)/atmel studio/7.0/toolchain/arm/arm-gnu-toolchain/bin/../lib/gcc/arm-none-eabi/4.9.3/armv7-m/crtbegin.o
 *fill*         0x2007098c        0x4 
 .bss.xHeap     0x20070990     0xa000 src/ASF/thirdparty/freertos/freertos-7.3.0/source/portable/memmang/heap_4.o
 .bss.pxEnd     0x2007a990        0x4 src/ASF/thirdparty/freertos/freertos-7.3.0/source/portable/memmang/heap_4.o
 .bss.xStart    0x2007a994        0x8 src/ASF/thirdparty/freertos/freertos-7.3.0/source/portable/memmang/heap_4.o
 .bss.xSuspendedTaskList
                0x2007a99c       0x14 src/ASF/thirdparty/freertos/freertos-7.3.0/source/tasks.o
 .bss.xTasksWaitingTermination
                0x2007a9b0       0x14 src/ASF/thirdparty/freertos/freertos-7.3.0/source/tasks.o
 .bss.pxDelayedTaskList
                0x2007a9c4        0x4 src/ASF/thirdparty/freertos/freertos-7.3.0/source/tasks.o
 .bss.uxMissedTicks
                0x2007a9c8        0x4 src/ASF/thirdparty/freertos/freertos-7.3.0/source/tasks.o
 .bss.xSchedulerRunning
                0x2007a9cc        0x4 src/ASF/thirdparty/freertos/freertos-7.3.0/source/tasks.o
 .bss.uxTasksDeleted
                0x2007a9d0        0x4 src/ASF/thirdparty/freertos/freertos-7.3.0/source/tasks.o
 .bss.xDelayedTaskList1
                0x2007a9d4       0x14 src/ASF/thirdparty/freertos/freertos-7.3.0/source/tasks.o
 .bss.xDelayedTaskList2
                0x2007a9e8       0x14 src/ASF/thirdparty/freertos/freertos-7.3.0/source/tasks.o
 .bss.pxReadyTasksLists
                0x2007a9fc       0x64 src/ASF/thirdparty/freertos/freertos-7.3.0/source/tasks.o
 .bss.xNumOfOverflows
                0x2007aa60        0x4 src/ASF/thirdparty/freertos/freertos-7.3.0/source/tasks.o
 .bss.pxCurrentTCB
                0x2007aa64        0x4 src/ASF/thirdparty/freertos/freertos-7.3.0/source/tasks.o
                0x2007aa64                pxCurrentTCB
 .bss.xPendingReadyList
                0x2007aa68       0x14 src/ASF/thirdparty/freertos/freertos-7.3.0/source/tasks.o
 .bss.uxSchedulerSuspended
                0x2007aa7c        0x4 src/ASF/thirdparty/freertos/freertos-7.3.0/source/tasks.o
 .bss.xTickCount
                0x2007aa80        0x4 src/ASF/thirdparty/freertos/freertos-7.3.0/source/tasks.o
 .bss.pxOverflowDelayedTaskList
                0x2007aa84        0x4 src/ASF/thirdparty/freertos/freertos-7.3.0/source/tasks.o
 .bss.uxTopReadyPriority
                0x2007aa88        0x4 src/ASF/thirdparty/freertos/freertos-7.3.0/source/tasks.o
 .bss.uxTaskNumber
                0x2007aa8c        0x4 src/ASF/thirdparty/freertos/freertos-7.3.0/source/tasks.o
 .bss.uxCurrentNumberOfTasks
                0x2007aa90        0x4 src/ASF/thirdparty/freertos/freertos-7.3.0/source/tasks.o
 .bss.xMissedYield
                0x2007aa94        0x4 src/ASF/thirdparty/freertos/freertos-7.3.0/source/tasks.o
 .bss.uxTopUsedPriority
                0x2007aa98        0x4 src/ASF/thirdparty/freertos/freertos-7.3.0/source/tasks.o
 .bss.pxCurrentTimerList
                0x2007aa9c        0x4 src/ASF/thirdparty/freertos/freertos-7.3.0/source/timers.o
 .bss.xActiveTimerList1
                0x2007aaa0       0x14 src/ASF/thirdparty/freertos/freertos-7.3.0/source/timers.o
 .bss.xActiveTimerList2
                0x2007aab4       0x14 src/ASF/thirdparty/freertos/freertos-7.3.0/source/timers.o
 .bss.xLastTime.4502
                0x2007aac8        0x4 src/ASF/thirdparty/freertos/freertos-7.3.0/source/timers.o
 .bss.xTimerQueue
                0x2007aacc        0x4 src/ASF/thirdparty/freertos/freertos-7.3.0/source/timers.o
 .bss.pxOverflowTimerList
                0x2007aad0        0x4 src/ASF/thirdparty/freertos/freertos-7.3.0/source/timers.o
 .bss.serial_rx_buf
                0x2007aad4       0x9c src/ASF/thirdparty/wireless/addons/sio2host/uart/sio2host.o
 .bss.serial_rx_buf_tail
                0x2007ab70        0x1 src/ASF/thirdparty/wireless/addons/sio2host/uart/sio2host.o
 *fill*         0x2007ab71        0x3 
 .bss.pwm_instance_A
                0x2007ab74       0x28 src/pwm_func.o
 .bss.pwm_instance_B
                0x2007ab9c       0x28 src/pwm_func.o
 .bss.xbuff.8990
                0x2007abc4       0x18 src/tasks/task_regulate.o
 .bss.old_reading_b.8973
                0x2007abdc        0x4 src/utils.o
 .bss.old_reading_a.8972
                0x2007abe0        0x4 src/utils.o
 .bss.cha_reading
                0x2007abe4        0x2 src/main.o
                0x2007abe4                cha_reading
 .bss.new_value
                0x2007abe6        0x2 src/main.o
                0x2007abe6                new_value
 .bss.chb_reading
                0x2007abe8        0x2 src/main.o
                0x2007abe8                chb_reading
 *fill*         0x2007abea        0x2 
 .bss.gs_interrupt_sources
                0x2007abec       0x70 src/ASF/sam/drivers/pio/pio_handler.o
 .bss.heap.5212
                0x2007ac5c        0x4 src/ASF/sam/utils/syscalls/gcc/syscalls.o
 .bss.__malloc_max_total_mem
                0x2007ac60        0x4 d:/program files (x86)/atmel studio/7.0/toolchain/arm/arm-gnu-toolchain/bin/../lib/gcc/arm-none-eabi/4.9.3/../../../../arm-none-eabi/lib/armv7-m\libc.a(lib_a-mallocr.o)
                0x2007ac60                __malloc_max_total_mem
 .bss.__malloc_max_sbrked_mem
                0x2007ac64        0x4 d:/program files (x86)/atmel studio/7.0/toolchain/arm/arm-gnu-toolchain/bin/../lib/gcc/arm-none-eabi/4.9.3/../../../../arm-none-eabi/lib/armv7-m\libc.a(lib_a-mallocr.o)
                0x2007ac64                __malloc_max_sbrked_mem
 .bss.__malloc_top_pad
                0x2007ac68        0x4 d:/program files (x86)/atmel studio/7.0/toolchain/arm/arm-gnu-toolchain/bin/../lib/gcc/arm-none-eabi/4.9.3/../../../../arm-none-eabi/lib/armv7-m\libc.a(lib_a-mallocr.o)
                0x2007ac68                __malloc_top_pad
 .bss.__malloc_current_mallinfo
                0x2007ac6c       0x28 d:/program files (x86)/atmel studio/7.0/toolchain/arm/arm-gnu-toolchain/bin/../lib/gcc/arm-none-eabi/4.9.3/../../../../arm-none-eabi/lib/armv7-m\libc.a(lib_a-mallocr.o)
                0x2007ac6c                __malloc_current_mallinfo
 *(COMMON)
 COMMON         0x2007ac94        0x4 src/ASF/common/utils/stdio/read.o
                0x2007ac94                ptr_get
 COMMON         0x2007ac98        0x8 src/ASF/common/utils/stdio/write.o
                0x2007ac98                ptr_put
                0x2007ac9c                stdio_base
 COMMON         0x2007aca0        0x8 src/main.o
                0x2007aca0                chb_setpoint
                0x2007aca4                cha_setpoint
 COMMON         0x2007aca8        0x4 d:/program files (x86)/atmel studio/7.0/toolchain/arm/arm-gnu-toolchain/bin/../lib/gcc/arm-none-eabi/4.9.3/../../../../arm-none-eabi/lib/armv7-m\libc.a(lib_a-reent.o)
                0x2007aca8                errno
                0x2007acac                . = ALIGN (0x4)
                0x2007acac                _ebss = .
                0x2007acac                _ezero = .

.stack          0x2007acac     0x2004 load address 0x00090d54
                0x2007acb0                . = ALIGN (0x8)
 *fill*         0x2007acac        0x4 
                0x2007acb0                _sstack = .
                0x2007ccb0                . = (. + __stack_size__)
 *fill*         0x2007acb0     0x2000 
                0x2007ccb0                . = ALIGN (0x8)
                0x2007ccb0                _estack = .
                0x2007ccb0                . = ALIGN (0x4)
                0x2007ccb0                _end = .
OUTPUT(Due_robot.elf elf32-littlearm)

.ARM.attributes
                0x00000000       0x29
 .ARM.attributes
                0x00000000       0x1d d:/program files (x86)/atmel studio/7.0/toolchain/arm/arm-gnu-toolchain/bin/../lib/gcc/arm-none-eabi/4.9.3/armv7-m/crti.o
 .ARM.attributes
                0x0000001d       0x2d d:/program files (x86)/atmel studio/7.0/toolchain/arm/arm-gnu-toolchain/bin/../lib/gcc/arm-none-eabi/4.9.3/armv7-m/crtbegin.o
 .ARM.attributes
                0x0000004a       0x33 src/ASF/common/utils/stdio/read.o
 .ARM.attributes
                0x0000007d       0x33 src/ASF/sam/drivers/usart/usart.o
 .ARM.attributes
                0x000000b0       0x33 src/ASF/thirdparty/freertos/freertos-7.3.0/source/list.o
 .ARM.attributes
                0x000000e3       0x33 src/ASF/thirdparty/freertos/freertos-7.3.0/source/portable/gcc/sam/port.o
 .ARM.attributes
                0x00000116       0x33 src/ASF/thirdparty/freertos/freertos-7.3.0/source/portable/memmang/heap_4.o
 .ARM.attributes
                0x00000149       0x33 src/ASF/thirdparty/freertos/freertos-7.3.0/source/queue.o
 .ARM.attributes
                0x0000017c       0x33 src/ASF/thirdparty/freertos/freertos-7.3.0/source/tasks.o
 .ARM.attributes
                0x000001af       0x33 src/ASF/thirdparty/freertos/freertos-7.3.0/source/timers.o
 .ARM.attributes
                0x000001e2       0x33 src/ASF/thirdparty/wireless/addons/sio2host/uart/sio2host.o
 .ARM.attributes
                0x00000215       0x33 src/config_functions/console_func.o
 .ARM.attributes
                0x00000248       0x33 src/pwm_func.o
 .ARM.attributes
                0x0000027b       0x33 src/tasks/task_com.o
 .ARM.attributes
                0x000002ae       0x33 src/tasks/task_regulate.o
 .ARM.attributes
                0x000002e1       0x33 src/utils.o
 .ARM.attributes
                0x00000314       0x33 src/ASF/common/utils/stdio/write.o
 .ARM.attributes
                0x00000347       0x33 src/ASF/common/services/serial/usart_serial.o
 .ARM.attributes
                0x0000037a       0x33 src/ASF/sam/drivers/pwm/pwm.o
 .ARM.attributes
                0x000003ad       0x33 src/main.o
 .ARM.attributes
                0x000003e0       0x33 src/ASF/sam/drivers/uart/uart.o
 .ARM.attributes
                0x00000413       0x33 src/ASF/common/services/clock/sam3x/sysclk.o
 .ARM.attributes
                0x00000446       0x33 src/ASF/common/utils/interrupt/interrupt_sam_nvic.o
 .ARM.attributes
                0x00000479       0x33 src/ASF/sam/boards/arduino_due_x/init.o
 .ARM.attributes
                0x000004ac       0x33 src/ASF/sam/drivers/pio/pio.o
 .ARM.attributes
                0x000004df       0x33 src/ASF/sam/drivers/pio/pio_handler.o
 .ARM.attributes
                0x00000512       0x33 src/ASF/sam/drivers/pmc/pmc.o
 .ARM.attributes
                0x00000545       0x33 src/ASF/sam/utils/cmsis/sam3x/source/templates/exceptions.o
 .ARM.attributes
                0x00000578       0x33 src/ASF/sam/utils/cmsis/sam3x/source/templates/gcc/startup_sam3x.o
 .ARM.attributes
                0x000005ab       0x33 src/ASF/sam/utils/cmsis/sam3x/source/templates/system_sam3x.o
 .ARM.attributes
                0x000005de       0x33 src/ASF/sam/utils/syscalls/gcc/syscalls.o
 .ARM.attributes
                0x00000611       0x1d d:/program files (x86)/atmel studio/7.0/toolchain/arm/arm-gnu-toolchain/bin/../lib/gcc/arm-none-eabi/4.9.3/armv7-m\libgcc.a(_arm_addsubsf3.o)
 .ARM.attributes
                0x0000062e       0x1d d:/program files (x86)/atmel studio/7.0/toolchain/arm/arm-gnu-toolchain/bin/../lib/gcc/arm-none-eabi/4.9.3/armv7-m\libgcc.a(_arm_muldivsf3.o)
 .ARM.attributes
                0x0000064b       0x1d d:/program files (x86)/atmel studio/7.0/toolchain/arm/arm-gnu-toolchain/bin/../lib/gcc/arm-none-eabi/4.9.3/armv7-m\libgcc.a(_arm_fixsfsi.o)
 .ARM.attributes
                0x00000668       0x2d d:/program files (x86)/atmel studio/7.0/toolchain/arm/arm-gnu-toolchain/bin/../lib/gcc/arm-none-eabi/4.9.3/../../../../arm-none-eabi/lib/armv7-m\libc.a(lib_a-atoi.o)
 .ARM.attributes
                0x00000695       0x2d d:/program files (x86)/atmel studio/7.0/toolchain/arm/arm-gnu-toolchain/bin/../lib/gcc/arm-none-eabi/4.9.3/../../../../arm-none-eabi/lib/armv7-m\libc.a(lib_a-gets.o)
 .ARM.attributes
                0x000006c2       0x2d d:/program files (x86)/atmel studio/7.0/toolchain/arm/arm-gnu-toolchain/bin/../lib/gcc/arm-none-eabi/4.9.3/../../../../arm-none-eabi/lib/armv7-m\libc.a(lib_a-impure.o)
 .ARM.attributes
                0x000006ef       0x2d d:/program files (x86)/atmel studio/7.0/toolchain/arm/arm-gnu-toolchain/bin/../lib/gcc/arm-none-eabi/4.9.3/../../../../arm-none-eabi/lib/armv7-m\libc.a(lib_a-init.o)
 .ARM.attributes
                0x0000071c       0x2d d:/program files (x86)/atmel studio/7.0/toolchain/arm/arm-gnu-toolchain/bin/../lib/gcc/arm-none-eabi/4.9.3/../../../../arm-none-eabi/lib/armv7-m\libc.a(lib_a-iprintf.o)
 .ARM.attributes
                0x00000749       0x2d d:/program files (x86)/atmel studio/7.0/toolchain/arm/arm-gnu-toolchain/bin/../lib/gcc/arm-none-eabi/4.9.3/../../../../arm-none-eabi/lib/armv7-m\libc.a(lib_a-itoa.o)
 .ARM.attributes
                0x00000776       0x1b d:/program files (x86)/atmel studio/7.0/toolchain/arm/arm-gnu-toolchain/bin/../lib/gcc/arm-none-eabi/4.9.3/../../../../arm-none-eabi/lib/armv7-m\libc.a(lib_a-memcpy.o)
 .ARM.attributes
                0x00000791       0x2d d:/program files (x86)/atmel studio/7.0/toolchain/arm/arm-gnu-toolchain/bin/../lib/gcc/arm-none-eabi/4.9.3/../../../../arm-none-eabi/lib/armv7-m\libc.a(lib_a-memset.o)
 .ARM.attributes
                0x000007be       0x2d d:/program files (x86)/atmel studio/7.0/toolchain/arm/arm-gnu-toolchain/bin/../lib/gcc/arm-none-eabi/4.9.3/../../../../arm-none-eabi/lib/armv7-m\libc.a(lib_a-rget.o)
 .ARM.attributes
                0x000007eb       0x2d d:/program files (x86)/atmel studio/7.0/toolchain/arm/arm-gnu-toolchain/bin/../lib/gcc/arm-none-eabi/4.9.3/../../../../arm-none-eabi/lib/armv7-m\libc.a(lib_a-setbuf.o)
 .ARM.attributes
                0x00000818       0x2d d:/program files (x86)/atmel studio/7.0/toolchain/arm/arm-gnu-toolchain/bin/../lib/gcc/arm-none-eabi/4.9.3/../../../../arm-none-eabi/lib/armv7-m\libc.a(lib_a-setvbuf.o)
 .ARM.attributes
                0x00000845       0x2d d:/program files (x86)/atmel studio/7.0/toolchain/arm/arm-gnu-toolchain/bin/../lib/gcc/arm-none-eabi/4.9.3/../../../../arm-none-eabi/lib/armv7-m\libc.a(lib_a-strdup.o)
 .ARM.attributes
                0x00000872       0x2d d:/program files (x86)/atmel studio/7.0/toolchain/arm/arm-gnu-toolchain/bin/../lib/gcc/arm-none-eabi/4.9.3/../../../../arm-none-eabi/lib/armv7-m\libc.a(lib_a-strdup_r.o)
 .ARM.attributes
                0x0000089f       0x2d d:/program files (x86)/atmel studio/7.0/toolchain/arm/arm-gnu-toolchain/bin/../lib/gcc/arm-none-eabi/4.9.3/../../../../arm-none-eabi/lib/armv7-m\libc.a(lib_a-strlen.o)
 .ARM.attributes
                0x000008cc       0x2d d:/program files (x86)/atmel studio/7.0/toolchain/arm/arm-gnu-toolchain/bin/../lib/gcc/arm-none-eabi/4.9.3/../../../../arm-none-eabi/lib/armv7-m\libc.a(lib_a-strncpy.o)
 .ARM.attributes
                0x000008f9       0x2d d:/program files (x86)/atmel studio/7.0/toolchain/arm/arm-gnu-toolchain/bin/../lib/gcc/arm-none-eabi/4.9.3/../../../../arm-none-eabi/lib/armv7-m\libc.a(lib_a-strsep.o)
 .ARM.attributes
                0x00000926       0x2d d:/program files (x86)/atmel studio/7.0/toolchain/arm/arm-gnu-toolchain/bin/../lib/gcc/arm-none-eabi/4.9.3/../../../../arm-none-eabi/lib/armv7-m\libc.a(lib_a-strtok_r.o)
 .ARM.attributes
                0x00000953       0x2d d:/program files (x86)/atmel studio/7.0/toolchain/arm/arm-gnu-toolchain/bin/../lib/gcc/arm-none-eabi/4.9.3/../../../../arm-none-eabi/lib/armv7-m\libc.a(lib_a-strtol.o)
 .ARM.attributes
                0x00000980       0x2d d:/program files (x86)/atmel studio/7.0/toolchain/arm/arm-gnu-toolchain/bin/../lib/gcc/arm-none-eabi/4.9.3/../../../../arm-none-eabi/lib/armv7-m\libc.a(lib_a-utoa.o)
 .ARM.attributes
                0x000009ad       0x2d d:/program files (x86)/atmel studio/7.0/toolchain/arm/arm-gnu-toolchain/bin/../lib/gcc/arm-none-eabi/4.9.3/../../../../arm-none-eabi/lib/armv7-m\libc.a(lib_a-vfiprintf.o)
 .ARM.attributes
                0x000009da       0x2d d:/program files (x86)/atmel studio/7.0/toolchain/arm/arm-gnu-toolchain/bin/../lib/gcc/arm-none-eabi/4.9.3/../../../../arm-none-eabi/lib/armv7-m\libc.a(lib_a-wsetup.o)
 .ARM.attributes
                0x00000a07       0x2d d:/program files (x86)/atmel studio/7.0/toolchain/arm/arm-gnu-toolchain/bin/../lib/gcc/arm-none-eabi/4.9.3/../../../../arm-none-eabi/lib/armv7-m\libc.a(lib_a-__call_atexit.o)
 .ARM.attributes
                0x00000a34       0x2d d:/program files (x86)/atmel studio/7.0/toolchain/arm/arm-gnu-toolchain/bin/../lib/gcc/arm-none-eabi/4.9.3/../../../../arm-none-eabi/lib/armv7-m\libc.a(lib_a-atexit.o)
 .ARM.attributes
                0x00000a61       0x2d d:/program files (x86)/atmel studio/7.0/toolchain/arm/arm-gnu-toolchain/bin/../lib/gcc/arm-none-eabi/4.9.3/../../../../arm-none-eabi/lib/armv7-m\libc.a(lib_a-ctype_.o)
 .ARM.attributes
                0x00000a8e       0x2d d:/program files (x86)/atmel studio/7.0/toolchain/arm/arm-gnu-toolchain/bin/../lib/gcc/arm-none-eabi/4.9.3/../../../../arm-none-eabi/lib/armv7-m\libc.a(lib_a-fflush.o)
 .ARM.attributes
                0x00000abb       0x2d d:/program files (x86)/atmel studio/7.0/toolchain/arm/arm-gnu-toolchain/bin/../lib/gcc/arm-none-eabi/4.9.3/../../../../arm-none-eabi/lib/armv7-m\libc.a(lib_a-findfp.o)
 .ARM.attributes
                0x00000ae8       0x2d d:/program files (x86)/atmel studio/7.0/toolchain/arm/arm-gnu-toolchain/bin/../lib/gcc/arm-none-eabi/4.9.3/../../../../arm-none-eabi/lib/armv7-m\libc.a(lib_a-fini.o)
 .ARM.attributes
                0x00000b15       0x2d d:/program files (x86)/atmel studio/7.0/toolchain/arm/arm-gnu-toolchain/bin/../lib/gcc/arm-none-eabi/4.9.3/../../../../arm-none-eabi/lib/armv7-m\libc.a(lib_a-fputwc.o)
 .ARM.attributes
                0x00000b42       0x2d d:/program files (x86)/atmel studio/7.0/toolchain/arm/arm-gnu-toolchain/bin/../lib/gcc/arm-none-eabi/4.9.3/../../../../arm-none-eabi/lib/armv7-m\libc.a(lib_a-freer.o)
 .ARM.attributes
                0x00000b6f       0x2d d:/program files (x86)/atmel studio/7.0/toolchain/arm/arm-gnu-toolchain/bin/../lib/gcc/arm-none-eabi/4.9.3/../../../../arm-none-eabi/lib/armv7-m\libc.a(lib_a-fvwrite.o)
 .ARM.attributes
                0x00000b9c       0x2d d:/program files (x86)/atmel studio/7.0/toolchain/arm/arm-gnu-toolchain/bin/../lib/gcc/arm-none-eabi/4.9.3/../../../../arm-none-eabi/lib/armv7-m\libc.a(lib_a-fwalk.o)
 .ARM.attributes
                0x00000bc9       0x2d d:/program files (x86)/atmel studio/7.0/toolchain/arm/arm-gnu-toolchain/bin/../lib/gcc/arm-none-eabi/4.9.3/../../../../arm-none-eabi/lib/armv7-m\libc.a(lib_a-locale.o)
 .ARM.attributes
                0x00000bf6       0x2d d:/program files (x86)/atmel studio/7.0/toolchain/arm/arm-gnu-toolchain/bin/../lib/gcc/arm-none-eabi/4.9.3/../../../../arm-none-eabi/lib/armv7-m\libc.a(lib_a-makebuf.o)
 .ARM.attributes
                0x00000c23       0x2d d:/program files (x86)/atmel studio/7.0/toolchain/arm/arm-gnu-toolchain/bin/../lib/gcc/arm-none-eabi/4.9.3/../../../../arm-none-eabi/lib/armv7-m\libc.a(lib_a-malloc.o)
 .ARM.attributes
                0x00000c50       0x2d d:/program files (x86)/atmel studio/7.0/toolchain/arm/arm-gnu-toolchain/bin/../lib/gcc/arm-none-eabi/4.9.3/../../../../arm-none-eabi/lib/armv7-m\libc.a(lib_a-mallocr.o)
 .ARM.attributes
                0x00000c7d       0x2d d:/program files (x86)/atmel studio/7.0/toolchain/arm/arm-gnu-toolchain/bin/../lib/gcc/arm-none-eabi/4.9.3/../../../../arm-none-eabi/lib/armv7-m\libc.a(lib_a-memchr.o)
 .ARM.attributes
                0x00000caa       0x2d d:/program files (x86)/atmel studio/7.0/toolchain/arm/arm-gnu-toolchain/bin/../lib/gcc/arm-none-eabi/4.9.3/../../../../arm-none-eabi/lib/armv7-m\libc.a(lib_a-memmove.o)
 .ARM.attributes
                0x00000cd7       0x2d d:/program files (x86)/atmel studio/7.0/toolchain/arm/arm-gnu-toolchain/bin/../lib/gcc/arm-none-eabi/4.9.3/../../../../arm-none-eabi/lib/armv7-m\libc.a(lib_a-mlock.o)
 .ARM.attributes
                0x00000d04       0x2d d:/program files (x86)/atmel studio/7.0/toolchain/arm/arm-gnu-toolchain/bin/../lib/gcc/arm-none-eabi/4.9.3/../../../../arm-none-eabi/lib/armv7-m\libc.a(lib_a-reallocr.o)
 .ARM.attributes
                0x00000d31       0x2d d:/program files (x86)/atmel studio/7.0/toolchain/arm/arm-gnu-toolchain/bin/../lib/gcc/arm-none-eabi/4.9.3/../../../../arm-none-eabi/lib/armv7-m\libc.a(lib_a-refill.o)
 .ARM.attributes
                0x00000d5e       0x2d d:/program files (x86)/atmel studio/7.0/toolchain/arm/arm-gnu-toolchain/bin/../lib/gcc/arm-none-eabi/4.9.3/../../../../arm-none-eabi/lib/armv7-m\libc.a(lib_a-sbrkr.o)
 .ARM.attributes
                0x00000d8b       0x2d d:/program files (x86)/atmel studio/7.0/toolchain/arm/arm-gnu-toolchain/bin/../lib/gcc/arm-none-eabi/4.9.3/../../../../arm-none-eabi/lib/armv7-m\libc.a(lib_a-stdio.o)
 .ARM.attributes
                0x00000db8       0x2d d:/program files (x86)/atmel studio/7.0/toolchain/arm/arm-gnu-toolchain/bin/../lib/gcc/arm-none-eabi/4.9.3/../../../../arm-none-eabi/lib/armv7-m\libc.a(lib_a-wbuf.o)
 .ARM.attributes
                0x00000de5       0x2d d:/program files (x86)/atmel studio/7.0/toolchain/arm/arm-gnu-toolchain/bin/../lib/gcc/arm-none-eabi/4.9.3/../../../../arm-none-eabi/lib/armv7-m\libc.a(lib_a-wcrtomb.o)
 .ARM.attributes
                0x00000e12       0x2d d:/program files (x86)/atmel studio/7.0/toolchain/arm/arm-gnu-toolchain/bin/../lib/gcc/arm-none-eabi/4.9.3/../../../../arm-none-eabi/lib/armv7-m\libc.a(lib_a-wctomb_r.o)
 .ARM.attributes
                0x00000e3f       0x2d d:/program files (x86)/atmel studio/7.0/toolchain/arm/arm-gnu-toolchain/bin/../lib/gcc/arm-none-eabi/4.9.3/../../../../arm-none-eabi/lib/armv7-m\libc.a(lib_a-writer.o)
 .ARM.attributes
                0x00000e6c       0x2d d:/program files (x86)/atmel studio/7.0/toolchain/arm/arm-gnu-toolchain/bin/../lib/gcc/arm-none-eabi/4.9.3/../../../../arm-none-eabi/lib/armv7-m\libc.a(lib_a-__atexit.o)
 .ARM.attributes
                0x00000e99       0x2d d:/program files (x86)/atmel studio/7.0/toolchain/arm/arm-gnu-toolchain/bin/../lib/gcc/arm-none-eabi/4.9.3/../../../../arm-none-eabi/lib/armv7-m\libc.a(lib_a-closer.o)
 .ARM.attributes
                0x00000ec6       0x2d d:/program files (x86)/atmel studio/7.0/toolchain/arm/arm-gnu-toolchain/bin/../lib/gcc/arm-none-eabi/4.9.3/../../../../arm-none-eabi/lib/armv7-m\libc.a(lib_a-fclose.o)
 .ARM.attributes
                0x00000ef3       0x2d d:/program files (x86)/atmel studio/7.0/toolchain/arm/arm-gnu-toolchain/bin/../lib/gcc/arm-none-eabi/4.9.3/../../../../arm-none-eabi/lib/armv7-m\libc.a(lib_a-fstatr.o)
 .ARM.attributes
                0x00000f20       0x2d d:/program files (x86)/atmel studio/7.0/toolchain/arm/arm-gnu-toolchain/bin/../lib/gcc/arm-none-eabi/4.9.3/../../../../arm-none-eabi/lib/armv7-m\libc.a(lib_a-isattyr.o)
 .ARM.attributes
                0x00000f4d       0x2d d:/program files (x86)/atmel studio/7.0/toolchain/arm/arm-gnu-toolchain/bin/../lib/gcc/arm-none-eabi/4.9.3/../../../../arm-none-eabi/lib/armv7-m\libc.a(lib_a-lseekr.o)
 .ARM.attributes
                0x00000f7a       0x2d d:/program files (x86)/atmel studio/7.0/toolchain/arm/arm-gnu-toolchain/bin/../lib/gcc/arm-none-eabi/4.9.3/../../../../arm-none-eabi/lib/armv7-m\libc.a(lib_a-readr.o)
 .ARM.attributes
                0x00000fa7       0x2d d:/program files (x86)/atmel studio/7.0/toolchain/arm/arm-gnu-toolchain/bin/../lib/gcc/arm-none-eabi/4.9.3/../../../../arm-none-eabi/lib/armv7-m\libc.a(lib_a-reent.o)
 .ARM.attributes
                0x00000fd4       0x1d d:/program files (x86)/atmel studio/7.0/toolchain/arm/arm-gnu-toolchain/bin/../lib/gcc/arm-none-eabi/4.9.3/armv7-m\libgcc.a(_aeabi_uldivmod.o)
 .ARM.attributes
                0x00000ff1       0x2d d:/program files (x86)/atmel studio/7.0/toolchain/arm/arm-gnu-toolchain/bin/../lib/gcc/arm-none-eabi/4.9.3/armv7-m\libgcc.a(bpabi.o)
 .ARM.attributes
                0x0000101e       0x1d d:/program files (x86)/atmel studio/7.0/toolchain/arm/arm-gnu-toolchain/bin/../lib/gcc/arm-none-eabi/4.9.3/armv7-m\libgcc.a(_dvmd_tls.o)
 .ARM.attributes
                0x0000103b       0x2d d:/program files (x86)/atmel studio/7.0/toolchain/arm/arm-gnu-toolchain/bin/../lib/gcc/arm-none-eabi/4.9.3/armv7-m\libgcc.a(_divdi3.o)
 .ARM.attributes
                0x00001068       0x2d d:/program files (x86)/atmel studio/7.0/toolchain/arm/arm-gnu-toolchain/bin/../lib/gcc/arm-none-eabi/4.9.3/armv7-m\libgcc.a(_udivdi3.o)
 .ARM.attributes
                0x00001095       0x1d d:/program files (x86)/atmel studio/7.0/toolchain/arm/arm-gnu-toolchain/bin/../lib/gcc/arm-none-eabi/4.9.3/armv7-m/crtn.o

.comment        0x00000000       0x5b
 .comment       0x00000000       0x5b src/ASF/common/utils/stdio/read.o
                                 0x5c (size before relaxing)
 .comment       0x00000000       0x5c src/ASF/sam/drivers/usart/usart.o
 .comment       0x00000000       0x5c src/ASF/thirdparty/freertos/freertos-7.3.0/source/list.o
 .comment       0x00000000       0x5c src/ASF/thirdparty/freertos/freertos-7.3.0/source/portable/gcc/sam/port.o
 .comment       0x00000000       0x5c src/ASF/thirdparty/freertos/freertos-7.3.0/source/portable/memmang/heap_4.o
 .comment       0x00000000       0x5c src/ASF/thirdparty/freertos/freertos-7.3.0/source/queue.o
 .comment       0x00000000       0x5c src/ASF/thirdparty/freertos/freertos-7.3.0/source/tasks.o
 .comment       0x00000000       0x5c src/ASF/thirdparty/freertos/freertos-7.3.0/source/timers.o
 .comment       0x00000000       0x5c src/ASF/thirdparty/wireless/addons/sio2host/uart/sio2host.o
 .comment       0x00000000       0x5c src/config_functions/console_func.o
 .comment       0x00000000       0x5c src/pwm_func.o
 .comment       0x00000000       0x5c src/tasks/task_com.o
 .comment       0x00000000       0x5c src/tasks/task_regulate.o
 .comment       0x00000000       0x5c src/utils.o
 .comment       0x00000000       0x5c src/ASF/common/utils/stdio/write.o
 .comment       0x00000000       0x5c src/ASF/common/services/serial/usart_serial.o
 .comment       0x00000000       0x5c src/ASF/sam/drivers/pwm/pwm.o
 .comment       0x00000000       0x5c src/main.o
 .comment       0x00000000       0x5c src/ASF/sam/drivers/uart/uart.o
 .comment       0x00000000       0x5c src/ASF/common/services/clock/sam3x/sysclk.o
 .comment       0x00000000       0x5c src/ASF/common/utils/interrupt/interrupt_sam_nvic.o
 .comment       0x00000000       0x5c src/ASF/sam/boards/arduino_due_x/init.o
 .comment       0x00000000       0x5c src/ASF/sam/drivers/pio/pio.o
 .comment       0x00000000       0x5c src/ASF/sam/drivers/pio/pio_handler.o
 .comment       0x00000000       0x5c src/ASF/sam/drivers/pmc/pmc.o
 .comment       0x00000000       0x5c src/ASF/sam/utils/cmsis/sam3x/source/templates/exceptions.o
 .comment       0x00000000       0x5c src/ASF/sam/utils/cmsis/sam3x/source/templates/gcc/startup_sam3x.o
 .comment       0x00000000       0x5c src/ASF/sam/utils/cmsis/sam3x/source/templates/system_sam3x.o
 .comment       0x00000000       0x5c src/ASF/sam/utils/syscalls/gcc/syscalls.o

.debug_frame    0x00000000      0xf94
 .debug_frame   0x00000000       0x30 d:/program files (x86)/atmel studio/7.0/toolchain/arm/arm-gnu-toolchain/bin/../lib/gcc/arm-none-eabi/4.9.3/../../../../arm-none-eabi/lib/armv7-m\libc.a(lib_a-atoi.o)
 .debug_frame   0x00000030       0x40 d:/program files (x86)/atmel studio/7.0/toolchain/arm/arm-gnu-toolchain/bin/../lib/gcc/arm-none-eabi/4.9.3/../../../../arm-none-eabi/lib/armv7-m\libc.a(lib_a-gets.o)
 .debug_frame   0x00000070       0x2c d:/program files (x86)/atmel studio/7.0/toolchain/arm/arm-gnu-toolchain/bin/../lib/gcc/arm-none-eabi/4.9.3/../../../../arm-none-eabi/lib/armv7-m\libc.a(lib_a-init.o)
 .debug_frame   0x0000009c       0x78 d:/program files (x86)/atmel studio/7.0/toolchain/arm/arm-gnu-toolchain/bin/../lib/gcc/arm-none-eabi/4.9.3/../../../../arm-none-eabi/lib/armv7-m\libc.a(lib_a-iprintf.o)
 .debug_frame   0x00000114       0x3c d:/program files (x86)/atmel studio/7.0/toolchain/arm/arm-gnu-toolchain/bin/../lib/gcc/arm-none-eabi/4.9.3/../../../../arm-none-eabi/lib/armv7-m\libc.a(lib_a-itoa.o)
 .debug_frame   0x00000150       0x34 d:/program files (x86)/atmel studio/7.0/toolchain/arm/arm-gnu-toolchain/bin/../lib/gcc/arm-none-eabi/4.9.3/../../../../arm-none-eabi/lib/armv7-m\libc.a(lib_a-memset.o)
 .debug_frame   0x00000184       0x3c d:/program files (x86)/atmel studio/7.0/toolchain/arm/arm-gnu-toolchain/bin/../lib/gcc/arm-none-eabi/4.9.3/../../../../arm-none-eabi/lib/armv7-m\libc.a(lib_a-rget.o)
 .debug_frame   0x000001c0       0x20 d:/program files (x86)/atmel studio/7.0/toolchain/arm/arm-gnu-toolchain/bin/../lib/gcc/arm-none-eabi/4.9.3/../../../../arm-none-eabi/lib/armv7-m\libc.a(lib_a-setbuf.o)
 .debug_frame   0x000001e0       0x30 d:/program files (x86)/atmel studio/7.0/toolchain/arm/arm-gnu-toolchain/bin/../lib/gcc/arm-none-eabi/4.9.3/../../../../arm-none-eabi/lib/armv7-m\libc.a(lib_a-setvbuf.o)
 .debug_frame   0x00000210       0x20 d:/program files (x86)/atmel studio/7.0/toolchain/arm/arm-gnu-toolchain/bin/../lib/gcc/arm-none-eabi/4.9.3/../../../../arm-none-eabi/lib/armv7-m\libc.a(lib_a-strdup.o)
 .debug_frame   0x00000230       0x2c d:/program files (x86)/atmel studio/7.0/toolchain/arm/arm-gnu-toolchain/bin/../lib/gcc/arm-none-eabi/4.9.3/../../../../arm-none-eabi/lib/armv7-m\libc.a(lib_a-strdup_r.o)
 .debug_frame   0x0000025c       0x20 d:/program files (x86)/atmel studio/7.0/toolchain/arm/arm-gnu-toolchain/bin/../lib/gcc/arm-none-eabi/4.9.3/../../../../arm-none-eabi/lib/armv7-m\libc.a(lib_a-strlen.o)
 .debug_frame   0x0000027c       0x34 d:/program files (x86)/atmel studio/7.0/toolchain/arm/arm-gnu-toolchain/bin/../lib/gcc/arm-none-eabi/4.9.3/../../../../arm-none-eabi/lib/armv7-m\libc.a(lib_a-strncpy.o)
 .debug_frame   0x000002b0       0x20 d:/program files (x86)/atmel studio/7.0/toolchain/arm/arm-gnu-toolchain/bin/../lib/gcc/arm-none-eabi/4.9.3/../../../../arm-none-eabi/lib/armv7-m\libc.a(lib_a-strsep.o)
 .debug_frame   0x000002d0       0x48 d:/program files (x86)/atmel studio/7.0/toolchain/arm/arm-gnu-toolchain/bin/../lib/gcc/arm-none-eabi/4.9.3/../../../../arm-none-eabi/lib/armv7-m\libc.a(lib_a-strtok_r.o)
 .debug_frame   0x00000318       0x54 d:/program files (x86)/atmel studio/7.0/toolchain/arm/arm-gnu-toolchain/bin/../lib/gcc/arm-none-eabi/4.9.3/../../../../arm-none-eabi/lib/armv7-m\libc.a(lib_a-strtol.o)
 .debug_frame   0x0000036c       0x4c d:/program files (x86)/atmel studio/7.0/toolchain/arm/arm-gnu-toolchain/bin/../lib/gcc/arm-none-eabi/4.9.3/../../../../arm-none-eabi/lib/armv7-m\libc.a(lib_a-utoa.o)
 .debug_frame   0x000003b8       0xd8 d:/program files (x86)/atmel studio/7.0/toolchain/arm/arm-gnu-toolchain/bin/../lib/gcc/arm-none-eabi/4.9.3/../../../../arm-none-eabi/lib/armv7-m\libc.a(lib_a-vfiprintf.o)
 .debug_frame   0x00000490       0x2c d:/program files (x86)/atmel studio/7.0/toolchain/arm/arm-gnu-toolchain/bin/../lib/gcc/arm-none-eabi/4.9.3/../../../../arm-none-eabi/lib/armv7-m\libc.a(lib_a-wsetup.o)
 .debug_frame   0x000004bc       0x50 d:/program files (x86)/atmel studio/7.0/toolchain/arm/arm-gnu-toolchain/bin/../lib/gcc/arm-none-eabi/4.9.3/../../../../arm-none-eabi/lib/armv7-m\libc.a(lib_a-__call_atexit.o)
 .debug_frame   0x0000050c       0x20 d:/program files (x86)/atmel studio/7.0/toolchain/arm/arm-gnu-toolchain/bin/../lib/gcc/arm-none-eabi/4.9.3/../../../../arm-none-eabi/lib/armv7-m\libc.a(lib_a-atexit.o)
 .debug_frame   0x0000052c       0x6c d:/program files (x86)/atmel studio/7.0/toolchain/arm/arm-gnu-toolchain/bin/../lib/gcc/arm-none-eabi/4.9.3/../../../../arm-none-eabi/lib/armv7-m\libc.a(lib_a-fflush.o)
 .debug_frame   0x00000598      0x124 d:/program files (x86)/atmel studio/7.0/toolchain/arm/arm-gnu-toolchain/bin/../lib/gcc/arm-none-eabi/4.9.3/../../../../arm-none-eabi/lib/armv7-m\libc.a(lib_a-findfp.o)
 .debug_frame   0x000006bc       0x34 d:/program files (x86)/atmel studio/7.0/toolchain/arm/arm-gnu-toolchain/bin/../lib/gcc/arm-none-eabi/4.9.3/../../../../arm-none-eabi/lib/armv7-m\libc.a(lib_a-fini.o)
 .debug_frame   0x000006f0       0x84 d:/program files (x86)/atmel studio/7.0/toolchain/arm/arm-gnu-toolchain/bin/../lib/gcc/arm-none-eabi/4.9.3/../../../../arm-none-eabi/lib/armv7-m\libc.a(lib_a-fputwc.o)
 .debug_frame   0x00000774       0x74 d:/program files (x86)/atmel studio/7.0/toolchain/arm/arm-gnu-toolchain/bin/../lib/gcc/arm-none-eabi/4.9.3/../../../../arm-none-eabi/lib/armv7-m\libc.a(lib_a-freer.o)
 .debug_frame   0x000007e8       0x68 d:/program files (x86)/atmel studio/7.0/toolchain/arm/arm-gnu-toolchain/bin/../lib/gcc/arm-none-eabi/4.9.3/../../../../arm-none-eabi/lib/armv7-m\libc.a(lib_a-fvwrite.o)
 .debug_frame   0x00000850       0x54 d:/program files (x86)/atmel studio/7.0/toolchain/arm/arm-gnu-toolchain/bin/../lib/gcc/arm-none-eabi/4.9.3/../../../../arm-none-eabi/lib/armv7-m\libc.a(lib_a-fwalk.o)
 .debug_frame   0x000008a4       0x9c d:/program files (x86)/atmel studio/7.0/toolchain/arm/arm-gnu-toolchain/bin/../lib/gcc/arm-none-eabi/4.9.3/../../../../arm-none-eabi/lib/armv7-m\libc.a(lib_a-locale.o)
 .debug_frame   0x00000940       0x48 d:/program files (x86)/atmel studio/7.0/toolchain/arm/arm-gnu-toolchain/bin/../lib/gcc/arm-none-eabi/4.9.3/../../../../arm-none-eabi/lib/armv7-m\libc.a(lib_a-makebuf.o)
 .debug_frame   0x00000988       0x30 d:/program files (x86)/atmel studio/7.0/toolchain/arm/arm-gnu-toolchain/bin/../lib/gcc/arm-none-eabi/4.9.3/../../../../arm-none-eabi/lib/armv7-m\libc.a(lib_a-malloc.o)
 .debug_frame   0x000009b8       0x54 d:/program files (x86)/atmel studio/7.0/toolchain/arm/arm-gnu-toolchain/bin/../lib/gcc/arm-none-eabi/4.9.3/../../../../arm-none-eabi/lib/armv7-m\libc.a(lib_a-mallocr.o)
 .debug_frame   0x00000a0c       0x3c d:/program files (x86)/atmel studio/7.0/toolchain/arm/arm-gnu-toolchain/bin/../lib/gcc/arm-none-eabi/4.9.3/../../../../arm-none-eabi/lib/armv7-m\libc.a(lib_a-memchr.o)
 .debug_frame   0x00000a48       0x30 d:/program files (x86)/atmel studio/7.0/toolchain/arm/arm-gnu-toolchain/bin/../lib/gcc/arm-none-eabi/4.9.3/../../../../arm-none-eabi/lib/armv7-m\libc.a(lib_a-memmove.o)
 .debug_frame   0x00000a78       0x30 d:/program files (x86)/atmel studio/7.0/toolchain/arm/arm-gnu-toolchain/bin/../lib/gcc/arm-none-eabi/4.9.3/../../../../arm-none-eabi/lib/armv7-m\libc.a(lib_a-mlock.o)
 .debug_frame   0x00000aa8       0x58 d:/program files (x86)/atmel studio/7.0/toolchain/arm/arm-gnu-toolchain/bin/../lib/gcc/arm-none-eabi/4.9.3/../../../../arm-none-eabi/lib/armv7-m\libc.a(lib_a-reallocr.o)
 .debug_frame   0x00000b00       0x40 d:/program files (x86)/atmel studio/7.0/toolchain/arm/arm-gnu-toolchain/bin/../lib/gcc/arm-none-eabi/4.9.3/../../../../arm-none-eabi/lib/armv7-m\libc.a(lib_a-refill.o)
 .debug_frame   0x00000b40       0x2c d:/program files (x86)/atmel studio/7.0/toolchain/arm/arm-gnu-toolchain/bin/../lib/gcc/arm-none-eabi/4.9.3/../../../../arm-none-eabi/lib/armv7-m\libc.a(lib_a-sbrkr.o)
 .debug_frame   0x00000b6c       0x88 d:/program files (x86)/atmel studio/7.0/toolchain/arm/arm-gnu-toolchain/bin/../lib/gcc/arm-none-eabi/4.9.3/../../../../arm-none-eabi/lib/armv7-m\libc.a(lib_a-stdio.o)
 .debug_frame   0x00000bf4       0x3c d:/program files (x86)/atmel studio/7.0/toolchain/arm/arm-gnu-toolchain/bin/../lib/gcc/arm-none-eabi/4.9.3/../../../../arm-none-eabi/lib/armv7-m\libc.a(lib_a-wbuf.o)
 .debug_frame   0x00000c30       0x60 d:/program files (x86)/atmel studio/7.0/toolchain/arm/arm-gnu-toolchain/bin/../lib/gcc/arm-none-eabi/4.9.3/../../../../arm-none-eabi/lib/armv7-m\libc.a(lib_a-wcrtomb.o)
 .debug_frame   0x00000c90       0x48 d:/program files (x86)/atmel studio/7.0/toolchain/arm/arm-gnu-toolchain/bin/../lib/gcc/arm-none-eabi/4.9.3/../../../../arm-none-eabi/lib/armv7-m\libc.a(lib_a-wctomb_r.o)
 .debug_frame   0x00000cd8       0x2c d:/program files (x86)/atmel studio/7.0/toolchain/arm/arm-gnu-toolchain/bin/../lib/gcc/arm-none-eabi/4.9.3/../../../../arm-none-eabi/lib/armv7-m\libc.a(lib_a-writer.o)
 .debug_frame   0x00000d04       0x34 d:/program files (x86)/atmel studio/7.0/toolchain/arm/arm-gnu-toolchain/bin/../lib/gcc/arm-none-eabi/4.9.3/../../../../arm-none-eabi/lib/armv7-m\libc.a(lib_a-__atexit.o)
 .debug_frame   0x00000d38       0x2c d:/program files (x86)/atmel studio/7.0/toolchain/arm/arm-gnu-toolchain/bin/../lib/gcc/arm-none-eabi/4.9.3/../../../../arm-none-eabi/lib/armv7-m\libc.a(lib_a-closer.o)
 .debug_frame   0x00000d64       0x44 d:/program files (x86)/atmel studio/7.0/toolchain/arm/arm-gnu-toolchain/bin/../lib/gcc/arm-none-eabi/4.9.3/../../../../arm-none-eabi/lib/armv7-m\libc.a(lib_a-fclose.o)
 .debug_frame   0x00000da8       0x2c d:/program files (x86)/atmel studio/7.0/toolchain/arm/arm-gnu-toolchain/bin/../lib/gcc/arm-none-eabi/4.9.3/../../../../arm-none-eabi/lib/armv7-m\libc.a(lib_a-fstatr.o)
 .debug_frame   0x00000dd4       0x2c d:/program files (x86)/atmel studio/7.0/toolchain/arm/arm-gnu-toolchain/bin/../lib/gcc/arm-none-eabi/4.9.3/../../../../arm-none-eabi/lib/armv7-m\libc.a(lib_a-isattyr.o)
 .debug_frame   0x00000e00       0x2c d:/program files (x86)/atmel studio/7.0/toolchain/arm/arm-gnu-toolchain/bin/../lib/gcc/arm-none-eabi/4.9.3/../../../../arm-none-eabi/lib/armv7-m\libc.a(lib_a-lseekr.o)
 .debug_frame   0x00000e2c       0x2c d:/program files (x86)/atmel studio/7.0/toolchain/arm/arm-gnu-toolchain/bin/../lib/gcc/arm-none-eabi/4.9.3/../../../../arm-none-eabi/lib/armv7-m\libc.a(lib_a-readr.o)